<html>
<body>
<pre>
<h1>µVision Build Log</h1>
<h2>Project:</h2>
C:\Users\ttran\Desktop\MicroP\Lab 1-Template\Lab_1.uvproj
Project File Date:  06/09/2017

<h2>Output:</h2>
Build target 'Lab 1'
compiling Lab 1.c...
Lab 1.c(71): warning:  #940-D: missing return statement at end of non-void function "Find_Mean"
  }
Lab 1.c(80): warning:  #940-D: missing return statement at end of non-void function "Find_Range"
  }
Lab 1.c(89): warning:  #940-D: missing return statement at end of non-void function "IsMonotonic"
  }
Lab 1.c: 3 warnings, 0 errors
linking...
Program Size: Code=7288 RO-data=412 RW-data=292 ZI-data=1124  
".\Lab_1.axf" - 0 Error(s), 3 Warning(s).
</pre>
</body>
</html>
