ARM Linker, 5.03 [Build 76] [MDK-ARM Lite]

==============================================================================

Section Cross References

    lab 1.o(.text) refers to sysctl.o(.text) for SysCtlClockSet
    lab 1.o(.text) refers to gpio.o(.text) for GPIOPinConfigure
    lab 1.o(.text) refers to uart.o(.text) for UARTConfigSetExpClk
    lab 1.o(.text) refers to uartstdio.o(.text) for UARTStdioConfig
    startup.o(STACK) refers (Special) to heapauxi.o(.text) for __use_two_region_memory
    startup.o(HEAP) refers (Special) to heapauxi.o(.text) for __use_two_region_memory
    startup.o(RESET) refers (Special) to heapauxi.o(.text) for __use_two_region_memory
    startup.o(RESET) refers to startup.o(STACK) for StackMem
    startup.o(RESET) refers to __main.o(!!!main) for __main
    startup.o(.text) refers (Special) to heapauxi.o(.text) for __use_two_region_memory
    startup.o(.text) refers to startup.o(HEAP) for HeapMem
    startup.o(.text) refers to startup.o(STACK) for StackMem
    uartstdio.o(.text) refers to sysctl.o(.text) for SysCtlPeripheralPresent
    uartstdio.o(.text) refers to uart.o(.text) for UARTConfigSetExpClk
    uartstdio.o(.text) refers to uartstdio.o(.constdata) for g_ui32UARTPeriph
    uartstdio.o(.text) refers to uartstdio.o(.data) for g_ui32Base
    uartstdio.o(.constdata) refers to uartstdio.o(.conststring) for .conststring
    gpio.o(.text) refers to interrupt.o(.text) for IntRegister
    gpio.o(.text) refers to gpio.o(.constdata) for g_pulGPIOBaseAddrs
    interrupt.o(.text) refers to cpu.o(.emb_text) for CPUcpsie
    interrupt.o(.text) refers to interrupt.o(vtable) for g_pfnRAMVectors
    interrupt.o(.text) refers to interrupt.o(.constdata) for g_pulPriority
    sysctl.o(.text) refers to interrupt.o(.text) for IntRegister
    sysctl.o(.text) refers to cpu.o(.emb_text) for CPUwfi
    sysctl.o(.text) refers to sysctl.o(.emb_text) for SysCtlDelay
    sysctl.o(.text) refers to sysctl.o(.constdata) for g_pulDCRegs
    uart.o(.text) refers to interrupt.o(.text) for IntRegister
    __main.o(!!!main) refers to rtentry.o(.ARM.Collect$$rtentry$$00000000) for __rt_entry
    rtentry.o(.ARM.Collect$$rtentry$$00000000) refers (Special) to rtentry2.o(.ARM.Collect$$rtentry$$0000000A) for __rt_entry_li
    rtentry.o(.ARM.Collect$$rtentry$$00000000) refers (Special) to rtentry2.o(.ARM.Collect$$rtentry$$0000000D) for __rt_entry_main
    rtentry.o(.ARM.Collect$$rtentry$$00000000) refers (Special) to rtentry2.o(.ARM.Collect$$rtentry$$0000000C) for __rt_entry_postli_1
    rtentry.o(.ARM.Collect$$rtentry$$00000000) refers (Special) to rtentry2.o(.ARM.Collect$$rtentry$$00000009) for __rt_entry_postsh_1
    rtentry.o(.ARM.Collect$$rtentry$$00000000) refers (Special) to rtentry2.o(.ARM.Collect$$rtentry$$00000002) for __rt_entry_presh_1
    rtentry.o(.ARM.Collect$$rtentry$$00000000) refers (Special) to rtentry4.o(.ARM.Collect$$rtentry$$00000004) for __rt_entry_sh
    rtentry2.o(.ARM.Collect$$rtentry$$00000008) refers to boardinit2.o(.text) for _platform_post_stackheap_init
    rtentry2.o(.ARM.Collect$$rtentry$$0000000A) refers to libinit.o(.ARM.Collect$$libinit$$00000000) for __rt_lib_init
    rtentry2.o(.ARM.Collect$$rtentry$$0000000B) refers to boardinit3.o(.text) for _platform_post_lib_init
    rtentry2.o(.ARM.Collect$$rtentry$$0000000D) refers to lab 1.o(.text) for main
    rtentry2.o(.ARM.Collect$$rtentry$$0000000D) refers to exit.o(.text) for exit
    rtentry2.o(.ARM.exidx) refers to rtentry2.o(.ARM.Collect$$rtentry$$00000001) for .ARM.Collect$$rtentry$$00000001
    rtentry2.o(.ARM.exidx) refers to rtentry2.o(.ARM.Collect$$rtentry$$00000008) for .ARM.Collect$$rtentry$$00000008
    rtentry2.o(.ARM.exidx) refers to rtentry2.o(.ARM.Collect$$rtentry$$0000000A) for .ARM.Collect$$rtentry$$0000000A
    rtentry2.o(.ARM.exidx) refers to rtentry2.o(.ARM.Collect$$rtentry$$0000000B) for .ARM.Collect$$rtentry$$0000000B
    rtentry2.o(.ARM.exidx) refers to rtentry2.o(.ARM.Collect$$rtentry$$0000000D) for .ARM.Collect$$rtentry$$0000000D
    rtentry4.o(.ARM.Collect$$rtentry$$00000004) refers to sys_stackheap_outer.o(.text) for __user_setup_stackheap
    rtentry4.o(.ARM.exidx) refers to rtentry4.o(.ARM.Collect$$rtentry$$00000004) for .ARM.Collect$$rtentry$$00000004
    sys_stackheap_outer.o(.text) refers to libspace.o(.text) for __user_perproc_libspace
    sys_stackheap_outer.o(.text) refers to startup.o(.text) for __user_initial_stackheap
    exit.o(.text) refers to rtexit.o(.ARM.Collect$$rtexit$$00000000) for __rt_exit
    libinit.o(.ARM.Collect$$libinit$$00000000) refers (Special) to libinit2.o(.ARM.Collect$$libinit$$0000002C) for __rt_lib_init_alloca_1
    libinit.o(.ARM.Collect$$libinit$$00000000) refers (Special) to libinit2.o(.ARM.Collect$$libinit$$0000002A) for __rt_lib_init_argv_1
    libinit.o(.ARM.Collect$$libinit$$00000000) refers (Special) to libinit2.o(.ARM.Collect$$libinit$$00000019) for __rt_lib_init_atexit_1
    libinit.o(.ARM.Collect$$libinit$$00000000) refers (Special) to libinit2.o(.ARM.Collect$$libinit$$0000001F) for __rt_lib_init_clock_1
    libinit.o(.ARM.Collect$$libinit$$00000000) refers (Special) to libinit2.o(.ARM.Collect$$libinit$$00000030) for __rt_lib_init_cpp_1
    libinit.o(.ARM.Collect$$libinit$$00000000) refers (Special) to libinit2.o(.ARM.Collect$$libinit$$0000002E) for __rt_lib_init_exceptions_1
    libinit.o(.ARM.Collect$$libinit$$00000000) refers (Special) to libinit2.o(.ARM.Collect$$libinit$$00000002) for __rt_lib_init_fp_1
    libinit.o(.ARM.Collect$$libinit$$00000000) refers (Special) to libinit2.o(.ARM.Collect$$libinit$$0000001D) for __rt_lib_init_fp_trap_1
    libinit.o(.ARM.Collect$$libinit$$00000000) refers (Special) to libinit2.o(.ARM.Collect$$libinit$$00000021) for __rt_lib_init_getenv_1
    libinit.o(.ARM.Collect$$libinit$$00000000) refers (Special) to libinit2.o(.ARM.Collect$$libinit$$00000008) for __rt_lib_init_heap_1
    libinit.o(.ARM.Collect$$libinit$$00000000) refers (Special) to libinit2.o(.ARM.Collect$$libinit$$0000000F) for __rt_lib_init_lc_collate_1
    libinit.o(.ARM.Collect$$libinit$$00000000) refers (Special) to libinit2.o(.ARM.Collect$$libinit$$00000011) for __rt_lib_init_lc_ctype_1
    libinit.o(.ARM.Collect$$libinit$$00000000) refers (Special) to libinit2.o(.ARM.Collect$$libinit$$00000013) for __rt_lib_init_lc_monetary_1
    libinit.o(.ARM.Collect$$libinit$$00000000) refers (Special) to libinit2.o(.ARM.Collect$$libinit$$00000015) for __rt_lib_init_lc_numeric_1
    libinit.o(.ARM.Collect$$libinit$$00000000) refers (Special) to libinit2.o(.ARM.Collect$$libinit$$00000017) for __rt_lib_init_lc_time_1
    libinit.o(.ARM.Collect$$libinit$$00000000) refers (Special) to libinit2.o(.ARM.Collect$$libinit$$0000000C) for __rt_lib_init_rand_1
    libinit.o(.ARM.Collect$$libinit$$00000000) refers (Special) to libinit2.o(.ARM.Collect$$libinit$$00000031) for __rt_lib_init_return
    libinit.o(.ARM.Collect$$libinit$$00000000) refers (Special) to libinit2.o(.ARM.Collect$$libinit$$0000001B) for __rt_lib_init_signal_1
    libinit.o(.ARM.Collect$$libinit$$00000000) refers (Special) to libinit2.o(.ARM.Collect$$libinit$$00000023) for __rt_lib_init_stdio_1
    libinit.o(.ARM.Collect$$libinit$$00000000) refers (Special) to libinit2.o(.ARM.Collect$$libinit$$0000000A) for __rt_lib_init_user_alloc_1
    libspace.o(.text) refers to libspace.o(.bss) for __libspace_start
    rtexit.o(.ARM.Collect$$rtexit$$00000000) refers (Special) to rtexit2.o(.ARM.Collect$$rtexit$$00000004) for __rt_exit_exit
    rtexit.o(.ARM.Collect$$rtexit$$00000000) refers (Special) to rtexit2.o(.ARM.Collect$$rtexit$$00000003) for __rt_exit_ls
    rtexit.o(.ARM.Collect$$rtexit$$00000000) refers (Special) to rtexit2.o(.ARM.Collect$$rtexit$$00000002) for __rt_exit_prels_1
    rtexit.o(.ARM.exidx) refers (Special) to rtexit2.o(.ARM.Collect$$rtexit$$00000004) for __rt_exit_exit
    rtexit.o(.ARM.exidx) refers (Special) to rtexit2.o(.ARM.Collect$$rtexit$$00000003) for __rt_exit_ls
    rtexit.o(.ARM.exidx) refers (Special) to rtexit2.o(.ARM.Collect$$rtexit$$00000002) for __rt_exit_prels_1
    rtexit.o(.ARM.exidx) refers to rtexit.o(.ARM.Collect$$rtexit$$00000000) for .ARM.Collect$$rtexit$$00000000
    libinit2.o(.ARM.Collect$$libinit$$0000000E) refers to libinit2.o(.ARM.Collect$$libinit$$0000000D) for .ARM.Collect$$libinit$$0000000D
    libinit2.o(.ARM.Collect$$libinit$$00000010) refers to libinit2.o(.ARM.Collect$$libinit$$0000000D) for .ARM.Collect$$libinit$$0000000D
    libinit2.o(.ARM.Collect$$libinit$$00000012) refers to libinit2.o(.ARM.Collect$$libinit$$0000000D) for .ARM.Collect$$libinit$$0000000D
    libinit2.o(.ARM.Collect$$libinit$$00000014) refers to libinit2.o(.ARM.Collect$$libinit$$0000000D) for .ARM.Collect$$libinit$$0000000D
    libinit2.o(.ARM.Collect$$libinit$$00000016) refers to libinit2.o(.ARM.Collect$$libinit$$0000000D) for .ARM.Collect$$libinit$$0000000D
    libinit2.o(.ARM.Collect$$libinit$$00000024) refers to argv_veneer.o(.emb_text) for __ARM_argv_veneer
    libinit2.o(.ARM.Collect$$libinit$$00000025) refers to argv_veneer.o(.emb_text) for __ARM_argv_veneer
    rtexit2.o(.ARM.Collect$$rtexit$$00000003) refers to libshutdown.o(.ARM.Collect$$libshutdown$$00000000) for __rt_lib_shutdown
    rtexit2.o(.ARM.Collect$$rtexit$$00000004) refers to sys_exit.o(.text) for _sys_exit
    rtexit2.o(.ARM.exidx) refers to rtexit2.o(.ARM.Collect$$rtexit$$00000001) for .ARM.Collect$$rtexit$$00000001
    rtexit2.o(.ARM.exidx) refers to rtexit2.o(.ARM.Collect$$rtexit$$00000003) for .ARM.Collect$$rtexit$$00000003
    rtexit2.o(.ARM.exidx) refers to rtexit2.o(.ARM.Collect$$rtexit$$00000004) for .ARM.Collect$$rtexit$$00000004
    argv_veneer.o(.emb_text) refers to no_argv.o(.text) for __ARM_get_argv
    sys_exit.o(.text) refers (Special) to use_no_semi.o(.text) for __I$use$semihosting
    sys_exit.o(.text) refers (Special) to indicate_semi.o(.text) for __semihosting_library_function
    _get_argv_nomalloc.o(.text) refers (Special) to hrguard.o(.text) for __heap_region$guard
    _get_argv_nomalloc.o(.text) refers to defsig_rtmem_outer.o(.text) for __rt_SIGRTMEM
    _get_argv_nomalloc.o(.text) refers to sys_command.o(.text) for _sys_command_string
    libshutdown.o(.ARM.Collect$$libshutdown$$00000000) refers (Special) to libshutdown2.o(.ARM.Collect$$libshutdown$$00000006) for __rt_lib_shutdown_fp_trap_1
    libshutdown.o(.ARM.Collect$$libshutdown$$00000000) refers (Special) to libshutdown2.o(.ARM.Collect$$libshutdown$$0000000E) for __rt_lib_shutdown_heap_1
    libshutdown.o(.ARM.Collect$$libshutdown$$00000000) refers (Special) to libshutdown2.o(.ARM.Collect$$libshutdown$$0000000F) for __rt_lib_shutdown_return
    libshutdown.o(.ARM.Collect$$libshutdown$$00000000) refers (Special) to libshutdown2.o(.ARM.Collect$$libshutdown$$00000009) for __rt_lib_shutdown_signal_1
    libshutdown.o(.ARM.Collect$$libshutdown$$00000000) refers (Special) to libshutdown2.o(.ARM.Collect$$libshutdown$$00000003) for __rt_lib_shutdown_stdio_1
    libshutdown.o(.ARM.Collect$$libshutdown$$00000000) refers (Special) to libshutdown2.o(.ARM.Collect$$libshutdown$$0000000B) for __rt_lib_shutdown_user_alloc_1
    sys_command.o(.text) refers (Special) to use_no_semi.o(.text) for __I$use$semihosting
    sys_command.o(.text) refers (Special) to indicate_semi.o(.text) for __semihosting_library_function
    defsig_rtmem_outer.o(.text) refers to defsig_rtmem_inner.o(.text) for __rt_SIGRTMEM_inner
    defsig_rtmem_outer.o(.text) refers to defsig_exit.o(.text) for __sig_exit
    defsig_rtmem_formal.o(.text) refers to rt_raise.o(.text) for __rt_raise
    rt_raise.o(.text) refers to __raise.o(.text) for __raise
    rt_raise.o(.text) refers to sys_exit.o(.text) for _sys_exit
    defsig_exit.o(.text) refers to sys_exit.o(.text) for _sys_exit
    defsig_rtmem_inner.o(.text) refers to defsig_general.o(.text) for __default_signal_display
    __raise.o(.text) refers to defsig.o(CL$$defsig) for __default_signal_handler
    defsig_general.o(.text) refers to sys_wrch.o(.text) for _ttywrch
    sys_wrch.o(.text) refers (Special) to use_no_semi.o(.text) for __I$use$semihosting
    sys_wrch.o(.text) refers (Special) to indicate_semi.o(.text) for __semihosting_library_function
    defsig.o(CL$$defsig) refers to defsig_rtmem_inner.o(.text) for __rt_SIGRTMEM_inner
    defsig_abrt_inner.o(.text) refers to defsig_general.o(.text) for __default_signal_display
    defsig_fpe_inner.o(.text) refers to defsig_general.o(.text) for __default_signal_display
    defsig_rtred_inner.o(.text) refers to defsig_general.o(.text) for __default_signal_display
    defsig_stak_inner.o(.text) refers to defsig_general.o(.text) for __default_signal_display
    defsig_pvfn_inner.o(.text) refers to defsig_general.o(.text) for __default_signal_display
    defsig_cppl_inner.o(.text) refers to defsig_general.o(.text) for __default_signal_display
    defsig_segv_inner.o(.text) refers to defsig_general.o(.text) for __default_signal_display
    defsig_other.o(.text) refers to defsig_general.o(.text) for __default_signal_display


==============================================================================

Removing Unused input sections from the image.

    Removing lab 1.o(.data), (10 bytes).

1 unused section(s) (total 10 bytes) removed from the image.

==============================================================================

Image Symbol Table

    Local Symbols

    Symbol Name                              Value     Ov Type        Size  Object(Section)

    RESET                                    0x00000000   Section      644  startup.o(RESET)
    ../clib/angel/boardlib.s                 0x00000000   Number         0  boardinit3.o ABSOLUTE
    ../clib/angel/boardlib.s                 0x00000000   Number         0  boardinit2.o ABSOLUTE
    ../clib/angel/boardlib.s                 0x00000000   Number         0  boardinit1.o ABSOLUTE
    ../clib/angel/boardlib.s                 0x00000000   Number         0  boardshut.o ABSOLUTE
    ../clib/angel/handlers.s                 0x00000000   Number         0  __scatter_zi.o ABSOLUTE
    ../clib/angel/handlers.s                 0x00000000   Number         0  __scatter_copy.o ABSOLUTE
    ../clib/angel/kernel.s                   0x00000000   Number         0  rtexit.o ABSOLUTE
    ../clib/angel/kernel.s                   0x00000000   Number         0  rtentry4.o ABSOLUTE
    ../clib/angel/kernel.s                   0x00000000   Number         0  rtentry2.o ABSOLUTE
    ../clib/angel/kernel.s                   0x00000000   Number         0  rtentry.o ABSOLUTE
    ../clib/angel/kernel.s                   0x00000000   Number         0  rtexit2.o ABSOLUTE
    ../clib/angel/rt.s                       0x00000000   Number         0  rt_raise.o ABSOLUTE
    ../clib/angel/scatter.s                  0x00000000   Number         0  __scatter.o ABSOLUTE
    ../clib/angel/startup.s                  0x00000000   Number         0  __main.o ABSOLUTE
    ../clib/angel/sys.s                      0x00000000   Number         0  libspace.o ABSOLUTE
    ../clib/angel/sys.s                      0x00000000   Number         0  sys_stackheap_outer.o ABSOLUTE
    ../clib/angel/sys.s                      0x00000000   Number         0  indicate_semi.o ABSOLUTE
    ../clib/angel/sys.s                      0x00000000   Number         0  use_no_semi.o ABSOLUTE
    ../clib/angel/sysapp.c                   0x00000000   Number         0  sys_wrch.o ABSOLUTE
    ../clib/angel/sysapp.c                   0x00000000   Number         0  sys_command.o ABSOLUTE
    ../clib/angel/sysapp.c                   0x00000000   Number         0  sys_exit.o ABSOLUTE
    ../clib/armsys.c                         0x00000000   Number         0  no_argv.o ABSOLUTE
    ../clib/armsys.c                         0x00000000   Number         0  _get_argv_nomalloc.o ABSOLUTE
    ../clib/armsys.c                         0x00000000   Number         0  argv_veneer.o ABSOLUTE
    ../clib/armsys.c                         0x00000000   Number         0  argv_veneer.o ABSOLUTE
    ../clib/heapalloc.c                      0x00000000   Number         0  hrguard.o ABSOLUTE
    ../clib/heapaux.c                        0x00000000   Number         0  heapauxi.o ABSOLUTE
    ../clib/libinit.s                        0x00000000   Number         0  libinit.o ABSOLUTE
    ../clib/libinit.s                        0x00000000   Number         0  libinit2.o ABSOLUTE
    ../clib/libinit.s                        0x00000000   Number         0  libshutdown2.o ABSOLUTE
    ../clib/libinit.s                        0x00000000   Number         0  libshutdown.o ABSOLUTE
    ../clib/signal.c                         0x00000000   Number         0  defsig_rtred_inner.o ABSOLUTE
    ../clib/signal.c                         0x00000000   Number         0  defsig_exit.o ABSOLUTE
    ../clib/signal.c                         0x00000000   Number         0  __raise.o ABSOLUTE
    ../clib/signal.c                         0x00000000   Number         0  defsig_general.o ABSOLUTE
    ../clib/signal.c                         0x00000000   Number         0  defsig_abrt_inner.o ABSOLUTE
    ../clib/signal.c                         0x00000000   Number         0  defsig_fpe_inner.o ABSOLUTE
    ../clib/signal.c                         0x00000000   Number         0  defsig_stak_inner.o ABSOLUTE
    ../clib/signal.c                         0x00000000   Number         0  defsig_pvfn_inner.o ABSOLUTE
    ../clib/signal.c                         0x00000000   Number         0  defsig_rtmem_formal.o ABSOLUTE
    ../clib/signal.c                         0x00000000   Number         0  defsig_rtmem_outer.o ABSOLUTE
    ../clib/signal.c                         0x00000000   Number         0  defsig_cppl_inner.o ABSOLUTE
    ../clib/signal.c                         0x00000000   Number         0  defsig_segv_inner.o ABSOLUTE
    ../clib/signal.c                         0x00000000   Number         0  defsig_rtmem_inner.o ABSOLUTE
    ../clib/signal.c                         0x00000000   Number         0  defsig_other.o ABSOLUTE
    ../clib/signal.s                         0x00000000   Number         0  defsig.o ABSOLUTE
    ../clib/stdlib.c                         0x00000000   Number         0  exit.o ABSOLUTE
    ../fplib/fpinit.s                        0x00000000   Number         0  fpinit.o ABSOLUTE
    C:\Keil\EE319Kware\driverlib\gpio.c      0x00000000   Number         0  gpio.o ABSOLUTE
    C:\Keil\EE319Kware\driverlib\interrupt.c 0x00000000   Number         0  interrupt.o ABSOLUTE
    C:\Keil\EE319Kware\driverlib\sysctl.c    0x00000000   Number         0  sysctl.o ABSOLUTE
    C:\Keil\EE319Kware\driverlib\uart.c      0x00000000   Number         0  uart.o ABSOLUTE
    C:\Keil\EE319Kware\driverlib\uartstdio.c 0x00000000   Number         0  uartstdio.o ABSOLUTE
    C:\\Keil\\EE319Kware\\driverlib\\sysctl.c 0x00000000   Number         0  sysctl.o ABSOLUTE
    Lab 1.c                                  0x00000000   Number         0  lab 1.o ABSOLUTE
    cpu.c                                    0x00000000   Number         0  cpu.o ABSOLUTE
    cpu.c                                    0x00000000   Number         0  cpu.o ABSOLUTE
    dc.s                                     0x00000000   Number         0  dc.o ABSOLUTE
    startup.s                                0x00000000   Number         0  startup.o ABSOLUTE
    !!!main                                  0x00000284   Section        8  __main.o(!!!main)
    !!!scatter                               0x0000028c   Section       52  __scatter.o(!!!scatter)
    !!handler_copy                           0x000002c0   Section       26  __scatter_copy.o(!!handler_copy)
    !!handler_zi                             0x000002dc   Section       28  __scatter_zi.o(!!handler_zi)
    .ARM.Collect$$libinit$$00000000          0x000002f8   Section        2  libinit.o(.ARM.Collect$$libinit$$00000000)
    .ARM.Collect$$libinit$$00000002          0x000002fa   Section        0  libinit2.o(.ARM.Collect$$libinit$$00000002)
    .ARM.Collect$$libinit$$00000008          0x000002fa   Section        0  libinit2.o(.ARM.Collect$$libinit$$00000008)
    .ARM.Collect$$libinit$$0000000A          0x000002fa   Section        0  libinit2.o(.ARM.Collect$$libinit$$0000000A)
    .ARM.Collect$$libinit$$0000000C          0x000002fa   Section        0  libinit2.o(.ARM.Collect$$libinit$$0000000C)
    .ARM.Collect$$libinit$$0000000F          0x000002fa   Section        0  libinit2.o(.ARM.Collect$$libinit$$0000000F)
    .ARM.Collect$$libinit$$00000011          0x000002fa   Section        0  libinit2.o(.ARM.Collect$$libinit$$00000011)
    .ARM.Collect$$libinit$$00000013          0x000002fa   Section        0  libinit2.o(.ARM.Collect$$libinit$$00000013)
    .ARM.Collect$$libinit$$00000015          0x000002fa   Section        0  libinit2.o(.ARM.Collect$$libinit$$00000015)
    .ARM.Collect$$libinit$$00000017          0x000002fa   Section        0  libinit2.o(.ARM.Collect$$libinit$$00000017)
    .ARM.Collect$$libinit$$00000019          0x000002fa   Section        0  libinit2.o(.ARM.Collect$$libinit$$00000019)
    .ARM.Collect$$libinit$$0000001B          0x000002fa   Section        0  libinit2.o(.ARM.Collect$$libinit$$0000001B)
    .ARM.Collect$$libinit$$0000001D          0x000002fa   Section        0  libinit2.o(.ARM.Collect$$libinit$$0000001D)
    .ARM.Collect$$libinit$$0000001F          0x000002fa   Section        0  libinit2.o(.ARM.Collect$$libinit$$0000001F)
    .ARM.Collect$$libinit$$00000021          0x000002fa   Section        0  libinit2.o(.ARM.Collect$$libinit$$00000021)
    .ARM.Collect$$libinit$$00000023          0x000002fa   Section        0  libinit2.o(.ARM.Collect$$libinit$$00000023)
    .ARM.Collect$$libinit$$0000002A          0x000002fa   Section        0  libinit2.o(.ARM.Collect$$libinit$$0000002A)
    .ARM.Collect$$libinit$$0000002C          0x000002fa   Section        0  libinit2.o(.ARM.Collect$$libinit$$0000002C)
    .ARM.Collect$$libinit$$0000002E          0x000002fa   Section        0  libinit2.o(.ARM.Collect$$libinit$$0000002E)
    .ARM.Collect$$libinit$$00000030          0x000002fa   Section        0  libinit2.o(.ARM.Collect$$libinit$$00000030)
    .ARM.Collect$$libinit$$00000031          0x000002fa   Section        2  libinit2.o(.ARM.Collect$$libinit$$00000031)
    .ARM.Collect$$libshutdown$$00000000      0x000002fc   Section        2  libshutdown.o(.ARM.Collect$$libshutdown$$00000000)
    .ARM.Collect$$libshutdown$$00000003      0x000002fe   Section        0  libshutdown2.o(.ARM.Collect$$libshutdown$$00000003)
    .ARM.Collect$$libshutdown$$00000006      0x000002fe   Section        0  libshutdown2.o(.ARM.Collect$$libshutdown$$00000006)
    .ARM.Collect$$libshutdown$$00000009      0x000002fe   Section        0  libshutdown2.o(.ARM.Collect$$libshutdown$$00000009)
    .ARM.Collect$$libshutdown$$0000000B      0x000002fe   Section        0  libshutdown2.o(.ARM.Collect$$libshutdown$$0000000B)
    .ARM.Collect$$libshutdown$$0000000E      0x000002fe   Section        0  libshutdown2.o(.ARM.Collect$$libshutdown$$0000000E)
    .ARM.Collect$$libshutdown$$0000000F      0x000002fe   Section        2  libshutdown2.o(.ARM.Collect$$libshutdown$$0000000F)
    .ARM.Collect$$rtentry$$00000000          0x00000300   Section        0  rtentry.o(.ARM.Collect$$rtentry$$00000000)
    .ARM.Collect$$rtentry$$00000002          0x00000300   Section        0  rtentry2.o(.ARM.Collect$$rtentry$$00000002)
    .ARM.Collect$$rtentry$$00000004          0x00000300   Section        6  rtentry4.o(.ARM.Collect$$rtentry$$00000004)
    .ARM.Collect$$rtentry$$00000009          0x00000306   Section        0  rtentry2.o(.ARM.Collect$$rtentry$$00000009)
    .ARM.Collect$$rtentry$$0000000A          0x00000306   Section        4  rtentry2.o(.ARM.Collect$$rtentry$$0000000A)
    .ARM.Collect$$rtentry$$0000000C          0x0000030a   Section        0  rtentry2.o(.ARM.Collect$$rtentry$$0000000C)
    .ARM.Collect$$rtentry$$0000000D          0x0000030a   Section        8  rtentry2.o(.ARM.Collect$$rtentry$$0000000D)
    .ARM.Collect$$rtexit$$00000000           0x00000312   Section        2  rtexit.o(.ARM.Collect$$rtexit$$00000000)
    .ARM.Collect$$rtexit$$00000002           0x00000314   Section        0  rtexit2.o(.ARM.Collect$$rtexit$$00000002)
    .ARM.Collect$$rtexit$$00000003           0x00000314   Section        4  rtexit2.o(.ARM.Collect$$rtexit$$00000003)
    .ARM.Collect$$rtexit$$00000004           0x00000318   Section        6  rtexit2.o(.ARM.Collect$$rtexit$$00000004)
    .emb_text                                0x00000320   Section        6  sysctl.o(.emb_text)
    .emb_text                                0x00000328   Section       26  cpu.o(.emb_text)
    .text                                    0x00000344   Section        0  lab 1.o(.text)
    .text                                    0x000004a4   Section       48  startup.o(.text)
    .text                                    0x000004d4   Section        0  uartstdio.o(.text)
    .text                                    0x00000854   Section        0  gpio.o(.text)
    GPIOGetIntNumber                         0x00000855   Thumb Code   168  gpio.o(.text)
    .text                                    0x00000eb8   Section        0  interrupt.o(.text)
    IntDefaultHandler                        0x00000eb9   Thumb Code     4  interrupt.o(.text)
    .text                                    0x00001180   Section        0  sysctl.o(.text)
    .text                                    0x00001960   Section        0  uart.o(.text)
    .text                                    0x00001c04   Section        0  heapauxi.o(.text)
    .text                                    0x00001c0a   Section       74  sys_stackheap_outer.o(.text)
    .text                                    0x00001c54   Section        0  exit.o(.text)
    .text                                    0x00001c60   Section        8  libspace.o(.text)
    .text                                    0x00001c68   Section        0  sys_exit.o(.text)
    .text                                    0x00001c74   Section        2  use_no_semi.o(.text)
    .text                                    0x00001c76   Section        0  indicate_semi.o(.text)
    .constdata                               0x00001c78   Section       28  uartstdio.o(.constdata)
    g_pcHex                                  0x00001c78   Data           4  uartstdio.o(.constdata)
    g_ui32UARTBase                           0x00001c7c   Data          12  uartstdio.o(.constdata)
    g_ui32UARTPeriph                         0x00001c88   Data          12  uartstdio.o(.constdata)
    .constdata                               0x00001c94   Section       72  gpio.o(.constdata)
    g_pulGPIOBaseAddrs                       0x00001c94   Data          72  gpio.o(.constdata)
    .constdata                               0x00001cdc   Section      104  interrupt.o(.constdata)
    g_pulPriority                            0x00001cdc   Data          32  interrupt.o(.constdata)
    g_pulRegs                                0x00001cfc   Data          72  interrupt.o(.constdata)
    .constdata                               0x00001d44   Section      156  sysctl.o(.constdata)
    g_pulDCRegs                              0x00001d44   Data          16  sysctl.o(.constdata)
    g_pulSRCRRegs                            0x00001d54   Data          12  sysctl.o(.constdata)
    g_pulRCGCRegs                            0x00001d60   Data          12  sysctl.o(.constdata)
    g_pulSCGCRegs                            0x00001d6c   Data          12  sysctl.o(.constdata)
    g_pulDCGCRegs                            0x00001d78   Data          12  sysctl.o(.constdata)
    g_pulXtals                               0x00001d84   Data          92  sysctl.o(.constdata)
    .conststring                             0x00001de0   Section       17  uartstdio.o(.conststring)
    .data                                    0x20000000   Section        5  uartstdio.o(.data)
    g_ui32Base                               0x20000000   Data           4  uartstdio.o(.data)
    bLastWasCR                               0x20000004   Data           1  uartstdio.o(.data)
    vtable                                   0x20000008   Section      284  interrupt.o(vtable)
    g_pfnRAMVectors                          0x20000008   Data         284  interrupt.o(vtable)
    .bss                                     0x20000124   Section       96  libspace.o(.bss)
    HEAP                                     0x20000188   Section        0  startup.o(HEAP)
    STACK                                    0x20000188   Section     1024  startup.o(STACK)
    HeapMem                                  0x20000188   Data           0  startup.o(HEAP)
    StackMem                                 0x20000188   Data           0  startup.o(STACK)

    Global Symbols

    Symbol Name                              Value     Ov Type        Size  Object(Section)

    BuildAttributes$$THM_ISAv4$E$P$D$K$B$S$7EM$PE$A:L22UL41UL21$X:L11$S22US41US21$IEEE1$IW$USESV6$~STKCKD$USESV7$~SHL$OSPACE$ROPI$EBA8$UX$STANDARDLIB$REQ8$PRES8$EABIv2 0x00000000   Number         0  anon$$obj.o ABSOLUTE
    __ARM_use_no_argv                        0x00000000   Number         0  lab 1.o ABSOLUTE
    __Vectors                                0x00000000   Data           0  startup.o(RESET)
    __ARM_exceptions_init                     - Undefined Weak Reference
    __alloca_initialize                       - Undefined Weak Reference
    __cpp_initialize__aeabi_                  - Undefined Weak Reference
    __cxa_finalize                            - Undefined Weak Reference
    __rt_locale                               - Undefined Weak Reference
    __sigvec_lookup                           - Undefined Weak Reference
    _atexit_init                              - Undefined Weak Reference
    _call_atexit_fns                          - Undefined Weak Reference
    _clock_init                               - Undefined Weak Reference
    _fp_trap_init                             - Undefined Weak Reference
    _fp_trap_shutdown                         - Undefined Weak Reference
    _get_lc_collate                           - Undefined Weak Reference
    _get_lc_ctype                             - Undefined Weak Reference
    _get_lc_monetary                          - Undefined Weak Reference
    _get_lc_numeric                           - Undefined Weak Reference
    _get_lc_time                              - Undefined Weak Reference
    _getenv_init                              - Undefined Weak Reference
    _handle_redirection                       - Undefined Weak Reference
    _init_alloc                               - Undefined Weak Reference
    _init_user_alloc                          - Undefined Weak Reference
    _initio                                   - Undefined Weak Reference
    _rand_init                                - Undefined Weak Reference
    _signal_finish                            - Undefined Weak Reference
    _signal_init                              - Undefined Weak Reference
    _terminate_alloc                          - Undefined Weak Reference
    _terminate_user_alloc                     - Undefined Weak Reference
    _terminateio                              - Undefined Weak Reference
    Reset_Handler                            0x0000026d   Thumb Code     0  startup.o(RESET)
    NMI_Handler                              0x00000271   Thumb Code     2  startup.o(RESET)
    HardFault_Handler                        0x00000273   Thumb Code     2  startup.o(RESET)
    MemManage_Handler                        0x00000275   Thumb Code     2  startup.o(RESET)
    BusFault_Handler                         0x00000277   Thumb Code     2  startup.o(RESET)
    UsageFault_Handler                       0x00000279   Thumb Code     2  startup.o(RESET)
    SVC_Handler                              0x0000027b   Thumb Code     2  startup.o(RESET)
    DebugMon_Handler                         0x0000027d   Thumb Code     2  startup.o(RESET)
    PendSV_Handler                           0x0000027f   Thumb Code     2  startup.o(RESET)
    SysTick_Handler                          0x00000281   Thumb Code     2  startup.o(RESET)
    ADC0Seq0_Handler                         0x00000283   Thumb Code     0  startup.o(RESET)
    ADC0Seq1_Handler                         0x00000283   Thumb Code     0  startup.o(RESET)
    ADC0Seq2_Handler                         0x00000283   Thumb Code     0  startup.o(RESET)
    ADC0Seq3_Handler                         0x00000283   Thumb Code     0  startup.o(RESET)
    ADC1Seq0_Handler                         0x00000283   Thumb Code     0  startup.o(RESET)
    ADC1Seq1_Handler                         0x00000283   Thumb Code     0  startup.o(RESET)
    ADC1Seq2_Handler                         0x00000283   Thumb Code     0  startup.o(RESET)
    ADC1Seq3_Handler                         0x00000283   Thumb Code     0  startup.o(RESET)
    CAN0_Handler                             0x00000283   Thumb Code     0  startup.o(RESET)
    CAN1_Handler                             0x00000283   Thumb Code     0  startup.o(RESET)
    CAN2_Handler                             0x00000283   Thumb Code     0  startup.o(RESET)
    Comp0_Handler                            0x00000283   Thumb Code     0  startup.o(RESET)
    Comp1_Handler                            0x00000283   Thumb Code     0  startup.o(RESET)
    Comp2_Handler                            0x00000283   Thumb Code     0  startup.o(RESET)
    Ethernet_Handler                         0x00000283   Thumb Code     0  startup.o(RESET)
    ExtBus_Handler                           0x00000283   Thumb Code     0  startup.o(RESET)
    FPU_Handler                              0x00000283   Thumb Code     0  startup.o(RESET)
    Fan0_Handler                             0x00000283   Thumb Code     0  startup.o(RESET)
    FlashCtl_Handler                         0x00000283   Thumb Code     0  startup.o(RESET)
    GPIOPortA_Handler                        0x00000283   Thumb Code     0  startup.o(RESET)
    GPIOPortB_Handler                        0x00000283   Thumb Code     0  startup.o(RESET)
    GPIOPortC_Handler                        0x00000283   Thumb Code     0  startup.o(RESET)
    GPIOPortD_Handler                        0x00000283   Thumb Code     0  startup.o(RESET)
    GPIOPortE_Handler                        0x00000283   Thumb Code     0  startup.o(RESET)
    GPIOPortF_Handler                        0x00000283   Thumb Code     0  startup.o(RESET)
    GPIOPortG_Handler                        0x00000283   Thumb Code     0  startup.o(RESET)
    GPIOPortH_Handler                        0x00000283   Thumb Code     0  startup.o(RESET)
    GPIOPortJ_Handler                        0x00000283   Thumb Code     0  startup.o(RESET)
    GPIOPortK_Handler                        0x00000283   Thumb Code     0  startup.o(RESET)
    GPIOPortL_Handler                        0x00000283   Thumb Code     0  startup.o(RESET)
    GPIOPortM_Handler                        0x00000283   Thumb Code     0  startup.o(RESET)
    GPIOPortN_Handler                        0x00000283   Thumb Code     0  startup.o(RESET)
    GPIOPortP1_Handler                       0x00000283   Thumb Code     0  startup.o(RESET)
    GPIOPortP2_Handler                       0x00000283   Thumb Code     0  startup.o(RESET)
    GPIOPortP3_Handler                       0x00000283   Thumb Code     0  startup.o(RESET)
    GPIOPortP4_Handler                       0x00000283   Thumb Code     0  startup.o(RESET)
    GPIOPortP5_Handler                       0x00000283   Thumb Code     0  startup.o(RESET)
    GPIOPortP6_Handler                       0x00000283   Thumb Code     0  startup.o(RESET)
    GPIOPortP7_Handler                       0x00000283   Thumb Code     0  startup.o(RESET)
    GPIOPortP_Handler                        0x00000283   Thumb Code     0  startup.o(RESET)
    GPIOPortQ1_Handler                       0x00000283   Thumb Code     0  startup.o(RESET)
    GPIOPortQ2_Handler                       0x00000283   Thumb Code     0  startup.o(RESET)
    GPIOPortQ3_Handler                       0x00000283   Thumb Code     0  startup.o(RESET)
    GPIOPortQ4_Handler                       0x00000283   Thumb Code     0  startup.o(RESET)
    GPIOPortQ5_Handler                       0x00000283   Thumb Code     0  startup.o(RESET)
    GPIOPortQ6_Handler                       0x00000283   Thumb Code     0  startup.o(RESET)
    GPIOPortQ7_Handler                       0x00000283   Thumb Code     0  startup.o(RESET)
    GPIOPortQ_Handler                        0x00000283   Thumb Code     0  startup.o(RESET)
    GPIOPortR_Handler                        0x00000283   Thumb Code     0  startup.o(RESET)
    GPIOPortS_Handler                        0x00000283   Thumb Code     0  startup.o(RESET)
    Hibernate_Handler                        0x00000283   Thumb Code     0  startup.o(RESET)
    I2C0_Handler                             0x00000283   Thumb Code     0  startup.o(RESET)
    I2C1_Handler                             0x00000283   Thumb Code     0  startup.o(RESET)
    I2C2_Handler                             0x00000283   Thumb Code     0  startup.o(RESET)
    I2C3_Handler                             0x00000283   Thumb Code     0  startup.o(RESET)
    I2C4_Handler                             0x00000283   Thumb Code     0  startup.o(RESET)
    I2C5_Handler                             0x00000283   Thumb Code     0  startup.o(RESET)
    I2S0_Handler                             0x00000283   Thumb Code     0  startup.o(RESET)
    LPC0_Handler                             0x00000283   Thumb Code     0  startup.o(RESET)
    PECI0_Handler                            0x00000283   Thumb Code     0  startup.o(RESET)
    PWM0Fault_Handler                        0x00000283   Thumb Code     0  startup.o(RESET)
    PWM0Generator0_Handler                   0x00000283   Thumb Code     0  startup.o(RESET)
    PWM0Generator1_Handler                   0x00000283   Thumb Code     0  startup.o(RESET)
    PWM0Generator2_Handler                   0x00000283   Thumb Code     0  startup.o(RESET)
    PWM0Generator3_Handler                   0x00000283   Thumb Code     0  startup.o(RESET)
    PWM1Fault_Handler                        0x00000283   Thumb Code     0  startup.o(RESET)
    PWM1Generator0_Handler                   0x00000283   Thumb Code     0  startup.o(RESET)
    PWM1Generator1_Handler                   0x00000283   Thumb Code     0  startup.o(RESET)
    PWM1Generator2_Handler                   0x00000283   Thumb Code     0  startup.o(RESET)
    PWM1Generator3_Handler                   0x00000283   Thumb Code     0  startup.o(RESET)
    Quadrature0_Handler                      0x00000283   Thumb Code     0  startup.o(RESET)
    Quadrature1_Handler                      0x00000283   Thumb Code     0  startup.o(RESET)
    Quadrature2_Handler                      0x00000283   Thumb Code     0  startup.o(RESET)
    SSI0_Handler                             0x00000283   Thumb Code     0  startup.o(RESET)
    SSI1_Handler                             0x00000283   Thumb Code     0  startup.o(RESET)
    SSI2_Handler                             0x00000283   Thumb Code     0  startup.o(RESET)
    SSI3_Handler                             0x00000283   Thumb Code     0  startup.o(RESET)
    SysCtl_Handler                           0x00000283   Thumb Code     0  startup.o(RESET)
    Timer0A_Handler                          0x00000283   Thumb Code     0  startup.o(RESET)
    Timer0B_Handler                          0x00000283   Thumb Code     0  startup.o(RESET)
    Timer1A_Handler                          0x00000283   Thumb Code     0  startup.o(RESET)
    Timer1B_Handler                          0x00000283   Thumb Code     0  startup.o(RESET)
    Timer2A_Handler                          0x00000283   Thumb Code     0  startup.o(RESET)
    Timer2B_Handler                          0x00000283   Thumb Code     0  startup.o(RESET)
    Timer3A_Handler                          0x00000283   Thumb Code     0  startup.o(RESET)
    Timer3B_Handler                          0x00000283   Thumb Code     0  startup.o(RESET)
    Timer4A_Handler                          0x00000283   Thumb Code     0  startup.o(RESET)
    Timer4B_Handler                          0x00000283   Thumb Code     0  startup.o(RESET)
    Timer5A_Handler                          0x00000283   Thumb Code     0  startup.o(RESET)
    Timer5B_Handler                          0x00000283   Thumb Code     0  startup.o(RESET)
    UART0_Handler                            0x00000283   Thumb Code     0  startup.o(RESET)
    UART1_Handler                            0x00000283   Thumb Code     0  startup.o(RESET)
    UART2_Handler                            0x00000283   Thumb Code     0  startup.o(RESET)
    UART3_Handler                            0x00000283   Thumb Code     0  startup.o(RESET)
    UART4_Handler                            0x00000283   Thumb Code     0  startup.o(RESET)
    UART5_Handler                            0x00000283   Thumb Code     0  startup.o(RESET)
    UART6_Handler                            0x00000283   Thumb Code     0  startup.o(RESET)
    UART7_Handler                            0x00000283   Thumb Code     0  startup.o(RESET)
    USB0_Handler                             0x00000283   Thumb Code     0  startup.o(RESET)
    WDT_Handler                              0x00000283   Thumb Code     0  startup.o(RESET)
    WideTimer0A_Handler                      0x00000283   Thumb Code     0  startup.o(RESET)
    WideTimer0B_Handler                      0x00000283   Thumb Code     0  startup.o(RESET)
    WideTimer1A_Handler                      0x00000283   Thumb Code     0  startup.o(RESET)
    WideTimer1B_Handler                      0x00000283   Thumb Code     0  startup.o(RESET)
    WideTimer2A_Handler                      0x00000283   Thumb Code     0  startup.o(RESET)
    WideTimer2B_Handler                      0x00000283   Thumb Code     0  startup.o(RESET)
    WideTimer3A_Handler                      0x00000283   Thumb Code     0  startup.o(RESET)
    WideTimer3B_Handler                      0x00000283   Thumb Code     0  startup.o(RESET)
    WideTimer4A_Handler                      0x00000283   Thumb Code     0  startup.o(RESET)
    WideTimer4B_Handler                      0x00000283   Thumb Code     0  startup.o(RESET)
    WideTimer5A_Handler                      0x00000283   Thumb Code     0  startup.o(RESET)
    WideTimer5B_Handler                      0x00000283   Thumb Code     0  startup.o(RESET)
    uDMA_Error                               0x00000283   Thumb Code     0  startup.o(RESET)
    uDMA_Handler                             0x00000283   Thumb Code     0  startup.o(RESET)
    __main                                   0x00000285   Thumb Code     8  __main.o(!!!main)
    __scatterload                            0x0000028d   Thumb Code     0  __scatter.o(!!!scatter)
    __scatterload_rt2                        0x0000028d   Thumb Code    44  __scatter.o(!!!scatter)
    __scatterload_rt2_thumb_only             0x0000028d   Thumb Code     0  __scatter.o(!!!scatter)
    __scatterload_null                       0x0000029b   Thumb Code     0  __scatter.o(!!!scatter)
    __scatterload_copy                       0x000002c1   Thumb Code    26  __scatter_copy.o(!!handler_copy)
    __scatterload_zeroinit                   0x000002dd   Thumb Code    28  __scatter_zi.o(!!handler_zi)
    __rt_lib_init                            0x000002f9   Thumb Code     0  libinit.o(.ARM.Collect$$libinit$$00000000)
    __rt_lib_init_alloca_1                   0x000002fb   Thumb Code     0  libinit2.o(.ARM.Collect$$libinit$$0000002C)
    __rt_lib_init_argv_1                     0x000002fb   Thumb Code     0  libinit2.o(.ARM.Collect$$libinit$$0000002A)
    __rt_lib_init_atexit_1                   0x000002fb   Thumb Code     0  libinit2.o(.ARM.Collect$$libinit$$00000019)
    __rt_lib_init_clock_1                    0x000002fb   Thumb Code     0  libinit2.o(.ARM.Collect$$libinit$$0000001F)
    __rt_lib_init_cpp_1                      0x000002fb   Thumb Code     0  libinit2.o(.ARM.Collect$$libinit$$00000030)
    __rt_lib_init_exceptions_1               0x000002fb   Thumb Code     0  libinit2.o(.ARM.Collect$$libinit$$0000002E)
    __rt_lib_init_fp_1                       0x000002fb   Thumb Code     0  libinit2.o(.ARM.Collect$$libinit$$00000002)
    __rt_lib_init_fp_trap_1                  0x000002fb   Thumb Code     0  libinit2.o(.ARM.Collect$$libinit$$0000001D)
    __rt_lib_init_getenv_1                   0x000002fb   Thumb Code     0  libinit2.o(.ARM.Collect$$libinit$$00000021)
    __rt_lib_init_heap_1                     0x000002fb   Thumb Code     0  libinit2.o(.ARM.Collect$$libinit$$00000008)
    __rt_lib_init_lc_collate_1               0x000002fb   Thumb Code     0  libinit2.o(.ARM.Collect$$libinit$$0000000F)
    __rt_lib_init_lc_ctype_1                 0x000002fb   Thumb Code     0  libinit2.o(.ARM.Collect$$libinit$$00000011)
    __rt_lib_init_lc_monetary_1              0x000002fb   Thumb Code     0  libinit2.o(.ARM.Collect$$libinit$$00000013)
    __rt_lib_init_lc_numeric_1               0x000002fb   Thumb Code     0  libinit2.o(.ARM.Collect$$libinit$$00000015)
    __rt_lib_init_lc_time_1                  0x000002fb   Thumb Code     0  libinit2.o(.ARM.Collect$$libinit$$00000017)
    __rt_lib_init_rand_1                     0x000002fb   Thumb Code     0  libinit2.o(.ARM.Collect$$libinit$$0000000C)
    __rt_lib_init_return                     0x000002fb   Thumb Code     0  libinit2.o(.ARM.Collect$$libinit$$00000031)
    __rt_lib_init_signal_1                   0x000002fb   Thumb Code     0  libinit2.o(.ARM.Collect$$libinit$$0000001B)
    __rt_lib_init_stdio_1                    0x000002fb   Thumb Code     0  libinit2.o(.ARM.Collect$$libinit$$00000023)
    __rt_lib_init_user_alloc_1               0x000002fb   Thumb Code     0  libinit2.o(.ARM.Collect$$libinit$$0000000A)
    __rt_lib_shutdown                        0x000002fd   Thumb Code     0  libshutdown.o(.ARM.Collect$$libshutdown$$00000000)
    __rt_lib_shutdown_fp_trap_1              0x000002ff   Thumb Code     0  libshutdown2.o(.ARM.Collect$$libshutdown$$00000006)
    __rt_lib_shutdown_heap_1                 0x000002ff   Thumb Code     0  libshutdown2.o(.ARM.Collect$$libshutdown$$0000000E)
    __rt_lib_shutdown_return                 0x000002ff   Thumb Code     0  libshutdown2.o(.ARM.Collect$$libshutdown$$0000000F)
    __rt_lib_shutdown_signal_1               0x000002ff   Thumb Code     0  libshutdown2.o(.ARM.Collect$$libshutdown$$00000009)
    __rt_lib_shutdown_stdio_1                0x000002ff   Thumb Code     0  libshutdown2.o(.ARM.Collect$$libshutdown$$00000003)
    __rt_lib_shutdown_user_alloc_1           0x000002ff   Thumb Code     0  libshutdown2.o(.ARM.Collect$$libshutdown$$0000000B)
    __rt_entry                               0x00000301   Thumb Code     0  rtentry.o(.ARM.Collect$$rtentry$$00000000)
    __rt_entry_presh_1                       0x00000301   Thumb Code     0  rtentry2.o(.ARM.Collect$$rtentry$$00000002)
    __rt_entry_sh                            0x00000301   Thumb Code     0  rtentry4.o(.ARM.Collect$$rtentry$$00000004)
    __rt_entry_li                            0x00000307   Thumb Code     0  rtentry2.o(.ARM.Collect$$rtentry$$0000000A)
    __rt_entry_postsh_1                      0x00000307   Thumb Code     0  rtentry2.o(.ARM.Collect$$rtentry$$00000009)
    __rt_entry_main                          0x0000030b   Thumb Code     0  rtentry2.o(.ARM.Collect$$rtentry$$0000000D)
    __rt_entry_postli_1                      0x0000030b   Thumb Code     0  rtentry2.o(.ARM.Collect$$rtentry$$0000000C)
    __rt_exit                                0x00000313   Thumb Code     0  rtexit.o(.ARM.Collect$$rtexit$$00000000)
    __rt_exit_ls                             0x00000315   Thumb Code     0  rtexit2.o(.ARM.Collect$$rtexit$$00000003)
    __rt_exit_prels_1                        0x00000315   Thumb Code     0  rtexit2.o(.ARM.Collect$$rtexit$$00000002)
    __rt_exit_exit                           0x00000319   Thumb Code     0  rtexit2.o(.ARM.Collect$$rtexit$$00000004)
    SysCtlDelay                              0x00000321   Thumb Code     6  sysctl.o(.emb_text)
    CPUcpsid                                 0x00000329   Thumb Code     8  cpu.o(.emb_text)
    CPUprimask                               0x00000331   Thumb Code     6  cpu.o(.emb_text)
    CPUcpsie                                 0x00000337   Thumb Code     8  cpu.o(.emb_text)
    CPUwfi                                   0x0000033f   Thumb Code     4  cpu.o(.emb_text)
    IsMonotonic                              0x00000345   Thumb Code     2  lab 1.o(.text)
    Find_Range                               0x00000347   Thumb Code     2  lab 1.o(.text)
    Find_Mean                                0x00000349   Thumb Code     2  lab 1.o(.text)
    hardware_init                            0x0000034b   Thumb Code    84  lab 1.o(.text)
    main                                     0x0000039f   Thumb Code    66  lab 1.o(.text)
    DisableInterrupts                        0x000004a5   Thumb Code     0  startup.o(.text)
    EnableInterrupts                         0x000004a9   Thumb Code     0  startup.o(.text)
    StartCritical                            0x000004ad   Thumb Code     0  startup.o(.text)
    EndCritical                              0x000004b5   Thumb Code     0  startup.o(.text)
    WaitForInterrupt                         0x000004bb   Thumb Code     0  startup.o(.text)
    __user_initial_stackheap                 0x000004bf   Thumb Code     0  startup.o(.text)
    UARTStdioConfig                          0x000004d5   Thumb Code    68  uartstdio.o(.text)
    UARTwrite                                0x00000519   Thumb Code    46  uartstdio.o(.text)
    UARTgets                                 0x00000547   Thumb Code   126  uartstdio.o(.text)
    UARTgetc                                 0x000005c5   Thumb Code    14  uartstdio.o(.text)
    UARTvprintf                              0x000005d3   Thumb Code   574  uartstdio.o(.text)
    UARTprintf                               0x00000811   Thumb Code    26  uartstdio.o(.text)
    GPIODirModeSet                           0x000008fd   Thumb Code    64  gpio.o(.text)
    GPIODirModeGet                           0x0000093d   Thumb Code    46  gpio.o(.text)
    GPIOIntTypeSet                           0x0000096b   Thumb Code    92  gpio.o(.text)
    GPIOIntTypeGet                           0x000009c7   Thumb Code    62  gpio.o(.text)
    GPIOPadConfigSet                         0x00000a05   Thumb Code   262  gpio.o(.text)
    GPIOPadConfigGet                         0x00000b0b   Thumb Code   196  gpio.o(.text)
    GPIOPinIntEnable                         0x00000bcf   Thumb Code    16  gpio.o(.text)
    GPIOPinIntDisable                        0x00000bdf   Thumb Code    16  gpio.o(.text)
    GPIOPinIntStatus                         0x00000bef   Thumb Code    20  gpio.o(.text)
    GPIOPinIntClear                          0x00000c03   Thumb Code     8  gpio.o(.text)
    GPIOPortIntRegister                      0x00000c0b   Thumb Code    30  gpio.o(.text)
    GPIOPortIntUnregister                    0x00000c29   Thumb Code    40  gpio.o(.text)
    GPIOPinRead                              0x00000c51   Thumb Code    12  gpio.o(.text)
    GPIOPinWrite                             0x00000c5d   Thumb Code    10  gpio.o(.text)
    GPIOPinTypeADC                           0x00000c67   Thumb Code    30  gpio.o(.text)
    GPIOPinTypeCAN                           0x00000c85   Thumb Code    30  gpio.o(.text)
    GPIOPinTypeComparator                    0x00000ca3   Thumb Code    30  gpio.o(.text)
    GPIOPinTypeGPIOInput                     0x00000cc1   Thumb Code    30  gpio.o(.text)
    GPIOPinTypeGPIOOutput                    0x00000cdf   Thumb Code    30  gpio.o(.text)
    GPIOPinTypeGPIOOutputOD                  0x00000cfd   Thumb Code    30  gpio.o(.text)
    GPIOPinTypeI2C                           0x00000d1b   Thumb Code    30  gpio.o(.text)
    GPIOPinTypePWM                           0x00000d39   Thumb Code    30  gpio.o(.text)
    GPIOPinTypeQEI                           0x00000d57   Thumb Code    30  gpio.o(.text)
    GPIOPinTypeSSI                           0x00000d75   Thumb Code    30  gpio.o(.text)
    GPIOPinTypeTimer                         0x00000d93   Thumb Code    30  gpio.o(.text)
    GPIOPinTypeUART                          0x00000db1   Thumb Code    30  gpio.o(.text)
    GPIOPinTypeUSBDigital                    0x00000dcf   Thumb Code    30  gpio.o(.text)
    GPIOPinTypeUSBAnalog                     0x00000ded   Thumb Code    30  gpio.o(.text)
    GPIOPinTypeI2S                           0x00000e0b   Thumb Code    30  gpio.o(.text)
    GPIOPinTypeEthernetLED                   0x00000e29   Thumb Code    30  gpio.o(.text)
    GPIOPinTypeEPI                           0x00000e47   Thumb Code    30  gpio.o(.text)
    GPIOPinConfigure                         0x00000e65   Thumb Code    74  gpio.o(.text)
    IntMasterEnable                          0x00000ebd   Thumb Code    10  interrupt.o(.text)
    IntMasterDisable                         0x00000ec7   Thumb Code    10  interrupt.o(.text)
    IntRegister                              0x00000ed1   Thumb Code    52  interrupt.o(.text)
    IntUnregister                            0x00000f05   Thumb Code    10  interrupt.o(.text)
    IntPriorityGroupingSet                   0x00000f0f   Thumb Code    18  interrupt.o(.text)
    IntPriorityGroupingGet                   0x00000f21   Thumb Code    36  interrupt.o(.text)
    IntPrioritySet                           0x00000f45   Thumb Code    46  interrupt.o(.text)
    IntPriorityGet                           0x00000f73   Thumb Code    22  interrupt.o(.text)
    IntEnable                                0x00000f89   Thumb Code   128  interrupt.o(.text)
    IntDisable                               0x00001009   Thumb Code   128  interrupt.o(.text)
    IntPendSet                               0x00001089   Thumb Code   106  interrupt.o(.text)
    IntPendClear                             0x000010f3   Thumb Code    84  interrupt.o(.text)
    SysCtlSRAMSizeGet                        0x00001181   Thumb Code    14  sysctl.o(.text)
    SysCtlFlashSizeGet                       0x0000118f   Thumb Code    14  sysctl.o(.text)
    SysCtlPinPresent                         0x0000119d   Thumb Code    18  sysctl.o(.text)
    SysCtlPeripheralPresent                  0x000011af   Thumb Code    60  sysctl.o(.text)
    SysCtlPeripheralReset                    0x000011eb   Thumb Code    98  sysctl.o(.text)
    SysCtlPeripheralEnable                   0x0000124d   Thumb Code    40  sysctl.o(.text)
    SysCtlPeripheralDisable                  0x00001275   Thumb Code    40  sysctl.o(.text)
    SysCtlPeripheralSleepEnable              0x0000129d   Thumb Code    40  sysctl.o(.text)
    SysCtlPeripheralSleepDisable             0x000012c5   Thumb Code    40  sysctl.o(.text)
    SysCtlPeripheralDeepSleepEnable          0x000012ed   Thumb Code    40  sysctl.o(.text)
    SysCtlPeripheralDeepSleepDisable         0x00001315   Thumb Code    40  sysctl.o(.text)
    SysCtlPeripheralClockGating              0x0000133d   Thumb Code    30  sysctl.o(.text)
    SysCtlIntRegister                        0x0000135b   Thumb Code    20  sysctl.o(.text)
    SysCtlIntUnregister                      0x0000136f   Thumb Code    16  sysctl.o(.text)
    SysCtlIntEnable                          0x0000137f   Thumb Code    12  sysctl.o(.text)
    SysCtlIntDisable                         0x0000138b   Thumb Code    12  sysctl.o(.text)
    SysCtlIntClear                           0x00001397   Thumb Code     6  sysctl.o(.text)
    SysCtlIntStatus                          0x0000139d   Thumb Code    16  sysctl.o(.text)
    SysCtlLDOSet                             0x000013ad   Thumb Code     6  sysctl.o(.text)
    SysCtlLDOGet                             0x000013b3   Thumb Code     6  sysctl.o(.text)
    SysCtlLDOConfigSet                       0x000013b9   Thumb Code     6  sysctl.o(.text)
    SysCtlReset                              0x000013bf   Thumb Code    10  sysctl.o(.text)
    SysCtlSleep                              0x000013c9   Thumb Code     8  sysctl.o(.text)
    SysCtlDeepSleep                          0x000013d1   Thumb Code    40  sysctl.o(.text)
    SysCtlResetCauseGet                      0x000013f9   Thumb Code     6  sysctl.o(.text)
    SysCtlResetCauseClear                    0x000013ff   Thumb Code    12  sysctl.o(.text)
    SysCtlBrownOutConfigSet                  0x0000140b   Thumb Code    10  sysctl.o(.text)
    SysCtlClockSet                           0x00001415   Thumb Code   322  sysctl.o(.text)
    SysCtlClockGet                           0x00001557   Thumb Code   508  sysctl.o(.text)
    SysCtlPWMClockSet                        0x00001753   Thumb Code    16  sysctl.o(.text)
    SysCtlPWMClockGet                        0x00001763   Thumb Code    24  sysctl.o(.text)
    SysCtlADCSpeedSet                        0x0000177b   Thumb Code    36  sysctl.o(.text)
    SysCtlADCSpeedGet                        0x0000179f   Thumb Code    10  sysctl.o(.text)
    SysCtlIOSCVerificationSet                0x000017a9   Thumb Code    30  sysctl.o(.text)
    SysCtlMOSCVerificationSet                0x000017c7   Thumb Code    30  sysctl.o(.text)
    SysCtlPLLVerificationSet                 0x000017e5   Thumb Code    30  sysctl.o(.text)
    SysCtlClkVerificationClear               0x00001803   Thumb Code    18  sysctl.o(.text)
    SysCtlGPIOAHBEnable                      0x00001815   Thumb Code    14  sysctl.o(.text)
    SysCtlGPIOAHBDisable                     0x00001823   Thumb Code    14  sysctl.o(.text)
    SysCtlUSBPLLEnable                       0x00001831   Thumb Code    14  sysctl.o(.text)
    SysCtlUSBPLLDisable                      0x0000183f   Thumb Code    14  sysctl.o(.text)
    SysCtlI2SMClkSet                         0x0000184d   Thumb Code   212  sysctl.o(.text)
    UARTParityModeSet                        0x00001961   Thumb Code    12  uart.o(.text)
    UARTParityModeGet                        0x0000196d   Thumb Code    10  uart.o(.text)
    UARTFIFOLevelSet                         0x00001977   Thumb Code     8  uart.o(.text)
    UARTFIFOLevelGet                         0x0000197f   Thumb Code    18  uart.o(.text)
    UARTEnable                               0x00001991   Thumb Code    20  uart.o(.text)
    UARTDisable                              0x000019a5   Thumb Code    30  uart.o(.text)
    UARTConfigSetExpClk                      0x000019c3   Thumb Code    76  uart.o(.text)
    UARTConfigGetExpClk                      0x00001a0f   Thumb Code    44  uart.o(.text)
    UARTFIFOEnable                           0x00001a3b   Thumb Code    10  uart.o(.text)
    UARTFIFODisable                          0x00001a45   Thumb Code    10  uart.o(.text)
    UARTEnableSIR                            0x00001a4f   Thumb Code    22  uart.o(.text)
    UARTDisableSIR                           0x00001a65   Thumb Code    10  uart.o(.text)
    UARTSmartCardEnable                      0x00001a6f   Thumb Code    22  uart.o(.text)
    UARTSmartCardDisable                     0x00001a85   Thumb Code    10  uart.o(.text)
    UARTModemControlSet                      0x00001a8f   Thumb Code    12  uart.o(.text)
    UARTModemControlClear                    0x00001a9b   Thumb Code    12  uart.o(.text)
    UARTModemControlGet                      0x00001aa7   Thumb Code    10  uart.o(.text)
    UARTModemStatusGet                       0x00001ab1   Thumb Code    12  uart.o(.text)
    UARTFlowControlSet                       0x00001abd   Thumb Code    12  uart.o(.text)
    UARTFlowControlGet                       0x00001ac9   Thumb Code    10  uart.o(.text)
    UARTTxIntModeSet                         0x00001ad3   Thumb Code    12  uart.o(.text)
    UARTTxIntModeGet                         0x00001adf   Thumb Code    10  uart.o(.text)
    UARTCharsAvail                           0x00001ae9   Thumb Code    12  uart.o(.text)
    UARTSpaceAvail                           0x00001af5   Thumb Code    12  uart.o(.text)
    UARTCharGetNonBlocking                   0x00001b01   Thumb Code    20  uart.o(.text)
    UARTCharGet                              0x00001b15   Thumb Code    16  uart.o(.text)
    UARTCharPutNonBlocking                   0x00001b25   Thumb Code    20  uart.o(.text)
    UARTCharPut                              0x00001b39   Thumb Code    14  uart.o(.text)
    UARTBreakCtl                             0x00001b47   Thumb Code    20  uart.o(.text)
    UARTBusy                                 0x00001b5b   Thumb Code    10  uart.o(.text)
    UARTIntRegister                          0x00001b65   Thumb Code    46  uart.o(.text)
    UARTIntUnregister                        0x00001b93   Thumb Code    42  uart.o(.text)
    UARTIntEnable                            0x00001bbd   Thumb Code     8  uart.o(.text)
    UARTIntDisable                           0x00001bc5   Thumb Code     8  uart.o(.text)
    UARTIntStatus                            0x00001bcd   Thumb Code    12  uart.o(.text)
    UARTIntClear                             0x00001bd9   Thumb Code     4  uart.o(.text)
    UARTDMAEnable                            0x00001bdd   Thumb Code     8  uart.o(.text)
    UARTDMADisable                           0x00001be5   Thumb Code     8  uart.o(.text)
    UARTRxErrorGet                           0x00001bed   Thumb Code    10  uart.o(.text)
    UARTRxErrorClear                         0x00001bf7   Thumb Code     6  uart.o(.text)
    __use_two_region_memory                  0x00001c05   Thumb Code     2  heapauxi.o(.text)
    __rt_heap_escrow$2region                 0x00001c07   Thumb Code     2  heapauxi.o(.text)
    __rt_heap_expand$2region                 0x00001c09   Thumb Code     2  heapauxi.o(.text)
    __user_setup_stackheap                   0x00001c0b   Thumb Code    74  sys_stackheap_outer.o(.text)
    exit                                     0x00001c55   Thumb Code    12  exit.o(.text)
    __user_libspace                          0x00001c61   Thumb Code     8  libspace.o(.text)
    __user_perproc_libspace                  0x00001c61   Thumb Code     0  libspace.o(.text)
    __user_perthread_libspace                0x00001c61   Thumb Code     0  libspace.o(.text)
    _sys_exit                                0x00001c69   Thumb Code     8  sys_exit.o(.text)
    __I$use$semihosting                      0x00001c75   Thumb Code     0  use_no_semi.o(.text)
    __use_no_semihosting_swi                 0x00001c75   Thumb Code     2  use_no_semi.o(.text)
    __semihosting_library_function           0x00001c77   Thumb Code     0  indicate_semi.o(.text)
    Region$$Table$$Base                      0x00001df4   Number         0  anon$$obj.o(Region$$Table)
    Region$$Table$$Limit                     0x00001e14   Number         0  anon$$obj.o(Region$$Table)
    __libspace_start                         0x20000124   Data          96  libspace.o(.bss)
    __temporary_stack_top$libspace           0x20000184   Data           0  libspace.o(.bss)



==============================================================================

Memory Map of the image

  Image Entry point : 0x0000026d

  Load Region LR_1 (Base: 0x00000000, Size: 0x00001f38, Max: 0xffffffff, ABSOLUTE)

    Execution Region ER_RO (Base: 0x00000000, Size: 0x00001e14, Max: 0xffffffff, ABSOLUTE)

    Base Addr    Size         Type   Attr      Idx    E Section Name        Object

    0x00000000   0x00000284   Code   RO           65  * RESET               startup.o
    0x00000284   0x00000008   Code   RO          187  * !!!main             c_w.l(__main.o)
    0x0000028c   0x00000034   Code   RO          341    !!!scatter          c_w.l(__scatter.o)
    0x000002c0   0x0000001a   Code   RO          343    !!handler_copy      c_w.l(__scatter_copy.o)
    0x000002da   0x00000002   PAD
    0x000002dc   0x0000001c   Code   RO          345    !!handler_zi        c_w.l(__scatter_zi.o)
    0x000002f8   0x00000002   Code   RO          214    .ARM.Collect$$libinit$$00000000  c_w.l(libinit.o)
    0x000002fa   0x00000000   Code   RO          221    .ARM.Collect$$libinit$$00000002  c_w.l(libinit2.o)
    0x000002fa   0x00000000   Code   RO          224    .ARM.Collect$$libinit$$00000008  c_w.l(libinit2.o)
    0x000002fa   0x00000000   Code   RO          226    .ARM.Collect$$libinit$$0000000A  c_w.l(libinit2.o)
    0x000002fa   0x00000000   Code   RO          228    .ARM.Collect$$libinit$$0000000C  c_w.l(libinit2.o)
    0x000002fa   0x00000000   Code   RO          231    .ARM.Collect$$libinit$$0000000F  c_w.l(libinit2.o)
    0x000002fa   0x00000000   Code   RO          233    .ARM.Collect$$libinit$$00000011  c_w.l(libinit2.o)
    0x000002fa   0x00000000   Code   RO          235    .ARM.Collect$$libinit$$00000013  c_w.l(libinit2.o)
    0x000002fa   0x00000000   Code   RO          237    .ARM.Collect$$libinit$$00000015  c_w.l(libinit2.o)
    0x000002fa   0x00000000   Code   RO          239    .ARM.Collect$$libinit$$00000017  c_w.l(libinit2.o)
    0x000002fa   0x00000000   Code   RO          241    .ARM.Collect$$libinit$$00000019  c_w.l(libinit2.o)
    0x000002fa   0x00000000   Code   RO          243    .ARM.Collect$$libinit$$0000001B  c_w.l(libinit2.o)
    0x000002fa   0x00000000   Code   RO          245    .ARM.Collect$$libinit$$0000001D  c_w.l(libinit2.o)
    0x000002fa   0x00000000   Code   RO          247    .ARM.Collect$$libinit$$0000001F  c_w.l(libinit2.o)
    0x000002fa   0x00000000   Code   RO          249    .ARM.Collect$$libinit$$00000021  c_w.l(libinit2.o)
    0x000002fa   0x00000000   Code   RO          251    .ARM.Collect$$libinit$$00000023  c_w.l(libinit2.o)
    0x000002fa   0x00000000   Code   RO          255    .ARM.Collect$$libinit$$0000002A  c_w.l(libinit2.o)
    0x000002fa   0x00000000   Code   RO          257    .ARM.Collect$$libinit$$0000002C  c_w.l(libinit2.o)
    0x000002fa   0x00000000   Code   RO          259    .ARM.Collect$$libinit$$0000002E  c_w.l(libinit2.o)
    0x000002fa   0x00000000   Code   RO          261    .ARM.Collect$$libinit$$00000030  c_w.l(libinit2.o)
    0x000002fa   0x00000002   Code   RO          262    .ARM.Collect$$libinit$$00000031  c_w.l(libinit2.o)
    0x000002fc   0x00000002   Code   RO          282    .ARM.Collect$$libshutdown$$00000000  c_w.l(libshutdown.o)
    0x000002fe   0x00000000   Code   RO          296    .ARM.Collect$$libshutdown$$00000003  c_w.l(libshutdown2.o)
    0x000002fe   0x00000000   Code   RO          299    .ARM.Collect$$libshutdown$$00000006  c_w.l(libshutdown2.o)
    0x000002fe   0x00000000   Code   RO          302    .ARM.Collect$$libshutdown$$00000009  c_w.l(libshutdown2.o)
    0x000002fe   0x00000000   Code   RO          304    .ARM.Collect$$libshutdown$$0000000B  c_w.l(libshutdown2.o)
    0x000002fe   0x00000000   Code   RO          307    .ARM.Collect$$libshutdown$$0000000E  c_w.l(libshutdown2.o)
    0x000002fe   0x00000002   Code   RO          308    .ARM.Collect$$libshutdown$$0000000F  c_w.l(libshutdown2.o)
    0x00000300   0x00000000   Code   RO          189    .ARM.Collect$$rtentry$$00000000  c_w.l(rtentry.o)
    0x00000300   0x00000000   Code   RO          191    .ARM.Collect$$rtentry$$00000002  c_w.l(rtentry2.o)
    0x00000300   0x00000006   Code   RO          203    .ARM.Collect$$rtentry$$00000004  c_w.l(rtentry4.o)
    0x00000306   0x00000000   Code   RO          193    .ARM.Collect$$rtentry$$00000009  c_w.l(rtentry2.o)
    0x00000306   0x00000004   Code   RO          194    .ARM.Collect$$rtentry$$0000000A  c_w.l(rtentry2.o)
    0x0000030a   0x00000000   Code   RO          196    .ARM.Collect$$rtentry$$0000000C  c_w.l(rtentry2.o)
    0x0000030a   0x00000008   Code   RO          197    .ARM.Collect$$rtentry$$0000000D  c_w.l(rtentry2.o)
    0x00000312   0x00000002   Code   RO          218    .ARM.Collect$$rtexit$$00000000  c_w.l(rtexit.o)
    0x00000314   0x00000000   Code   RO          264    .ARM.Collect$$rtexit$$00000002  c_w.l(rtexit2.o)
    0x00000314   0x00000004   Code   RO          265    .ARM.Collect$$rtexit$$00000003  c_w.l(rtexit2.o)
    0x00000318   0x00000006   Code   RO          266    .ARM.Collect$$rtexit$$00000004  c_w.l(rtexit2.o)
    0x0000031e   0x00000002   PAD
    0x00000320   0x00000006   Code   RO          139    .emb_text           sysctl.o
    0x00000326   0x00000002   PAD
    0x00000328   0x0000001a   Code   RO          169    .emb_text           driverlib.lib(cpu.o)
    0x00000342   0x00000002   PAD
    0x00000344   0x00000160   Code   RO            1    .text               lab 1.o
    0x000004a4   0x00000030   Code   RO           66    .text               startup.o
    0x000004d4   0x00000380   Code   RO           73    .text               uartstdio.o
    0x00000854   0x00000664   Code   RO           95    .text               gpio.o
    0x00000eb8   0x000002c8   Code   RO          118    .text               interrupt.o
    0x00001180   0x000007e0   Code   RO          140    .text               sysctl.o
    0x00001960   0x000002a4   Code   RO          157    .text               uart.o
    0x00001c04   0x00000006   Code   RO          185    .text               c_w.l(heapauxi.o)
    0x00001c0a   0x0000004a   Code   RO          205    .text               c_w.l(sys_stackheap_outer.o)
    0x00001c54   0x0000000c   Code   RO          207    .text               c_w.l(exit.o)
    0x00001c60   0x00000008   Code   RO          215    .text               c_w.l(libspace.o)
    0x00001c68   0x0000000c   Code   RO          274    .text               c_w.l(sys_exit.o)
    0x00001c74   0x00000002   Code   RO          285    .text               c_w.l(use_no_semi.o)
    0x00001c76   0x00000000   Code   RO          287    .text               c_w.l(indicate_semi.o)
    0x00001c76   0x00000002   PAD
    0x00001c78   0x0000001c   Data   RO           74    .constdata          uartstdio.o
    0x00001c94   0x00000048   Data   RO           96    .constdata          gpio.o
    0x00001cdc   0x00000068   Data   RO          119    .constdata          interrupt.o
    0x00001d44   0x0000009c   Data   RO          141    .constdata          sysctl.o
    0x00001de0   0x00000011   Data   RO           75    .conststring        uartstdio.o
    0x00001df1   0x00000003   PAD
    0x00001df4   0x00000020   Data   RO          339    Region$$Table       anon$$obj.o


    Execution Region ER_RW (Base: 0x20000000, Size: 0x00000124, Max: 0xffffffff, ABSOLUTE)

    Base Addr    Size         Type   Attr      Idx    E Section Name        Object

    0x20000000   0x00000005   Data   RW           76    .data               uartstdio.o
    0x20000005   0x00000003   PAD
    0x20000008   0x0000011c   Data   RW          120    vtable              interrupt.o


    Execution Region ER_ZI (Base: 0x20000124, Size: 0x00000464, Max: 0xffffffff, ABSOLUTE)

    Base Addr    Size         Type   Attr      Idx    E Section Name        Object

    0x20000124   0x00000060   Zero   RW          216    .bss                c_w.l(libspace.o)
    0x20000184   0x00000004   PAD
    0x20000188   0x00000000   Zero   RW           64    HEAP                startup.o
    0x20000188   0x00000400   Zero   RW           63    STACK               startup.o


==============================================================================

Image component sizes


      Code (inc. data)   RO Data    RW Data    ZI Data      Debug   Object Name

      1636         34         72          0          0      11172   gpio.o
       712         58        104        284          0       3290   interrupt.o
       352        196          0          0          0       5658   lab 1.o
       692        632          0          0       1024        868   startup.o
      2022        126        156          0          0       9247   sysctl.o
       676          8          0          0          0       7734   uart.o
       896         42         45          5          0       3261   uartstdio.o

    ----------------------------------------------------------------------
      6988       1096        412        292       1024      41230   Object Totals
         0          0         32          0          0          0   (incl. Generated)
         2          0          3          3          0          0   (incl. Padding)

    ----------------------------------------------------------------------

      Code (inc. data)   RO Data    RW Data    ZI Data      Debug   Library Member Name

         8          0          0          0          0         68   __main.o
        52          8          0          0          0          0   __scatter.o
        26          0          0          0          0          0   __scatter_copy.o
        28          0          0          0          0          0   __scatter_zi.o
        12          0          0          0          0         72   exit.o
         6          0          0          0          0        152   heapauxi.o
         0          0          0          0          0          0   indicate_semi.o
         2          0          0          0          0          0   libinit.o
         2          0          0          0          0          0   libinit2.o
         2          0          0          0          0          0   libshutdown.o
         2          0          0          0          0          0   libshutdown2.o
         8          4          0          0         96         68   libspace.o
         0          0          0          0          0          0   rtentry.o
        12          0          0          0          0          0   rtentry2.o
         6          0          0          0          0          0   rtentry4.o
         2          0          0          0          0          0   rtexit.o
        10          0          0          0          0          0   rtexit2.o
        12          4          0          0          0         68   sys_exit.o
        74          0          0          0          0         80   sys_stackheap_outer.o
         2          0          0          0          0         68   use_no_semi.o
        26          0          0          0          0        336   cpu.o

    ----------------------------------------------------------------------
       300         16          0          0        100        912   Library Totals
         8          0          0          0          4          0   (incl. Padding)

    ----------------------------------------------------------------------

      Code (inc. data)   RO Data    RW Data    ZI Data      Debug   Library Name

       266         16          0          0         96        576   c_w.l
        26          0          0          0          0        336   driverlib.lib

    ----------------------------------------------------------------------
       300         16          0          0        100        912   Library Totals

    ----------------------------------------------------------------------

==============================================================================


      Code (inc. data)   RO Data    RW Data    ZI Data      Debug   

      7288       1112        412        292       1124      41258   Grand Totals
      7288       1112        412        292       1124      41258   ELF Image Totals
      7288       1112        412        292          0          0   ROM Totals

==============================================================================

    Total RO  Size (Code + RO Data)                 7700 (   7.52kB)
    Total RW  Size (RW Data + ZI Data)              1416 (   1.38kB)
    Total ROM Size (Code + RO Data + RW Data)       7992 (   7.80kB)

==============================================================================

