<html>
<body>
<pre>
<h1>µVision Build Log</h1>
<h2>Project:</h2>
C:\Users\Alamin_Bird\Documents\UVision\ECE3436_Lab_5\ECE3436_Lab_5\Lab_5_Starter_Files\Lab5.uvproj
Project File Date:  08/21/2017

<h2>Output:</h2>
Rebuild target 'Lab5'
assembling startup.s...
compiling SysTick.c...
compiling TableTrafficLight.c...
linking...
Program Size: Code=2860 RO-data=14296 RW-data=68 ZI-data=1756  
".\Lab5.axf" - 0 Error(s), 0 Warning(s).
</pre>
</body>
</html>
c: 0 warnings, 1 error
".\Lab5.axf" - 1 Error(s), 0 Warning(s).
Target not created
