<html>
<body>
<pre>
<h1>µVision Build Log</h1>
<h2>Project:</h2>
C:\Users\Alamin_Bird\Documents\UVision\Lab_5-Final\Lab5.uvproj
Project File Date:  06/27/2017

<h2>Output:</h2>
Rebuild target 'Lab5'
assembling startup.s...
compiling SysTick.c...
compiling TableTrafficLight.c...
compiling Lab5_init.c...
linking...
Program Size: Code=2376 RO-data=32 RW-data=8 ZI-data=1120  
".\Lab5.axf" - 0 Error(s), 0 Warning(s).
</pre>
</body>
</html>
=1000000Hz
Erase Done.
Programming Done.
Verify OK.
Load "C:\\Users\\Alamin_Bird\\Documents\\UVision\\Lab_5-Final\\Lab5.axf" 
Connecting: Mode=JTAG, Speed=1000000Hz
Erase Done.
Programming Done.
Verify OK.
Load "C:\\Users\\Alamin_Bird\\Documents\\UVision\\Lab_5-Final\\Lab5.axf" 
Connecting: Mode=JTAG, Speed=1000000Hz
Erase Done.
Programming Done.
Verify OK.
Load "C:\\Users\\Alamin_Bird\\Documents\\UVision\\Lab_5-Final\\Lab5.axf" 
Connecting: Mode=JTAG, Speed=1000000Hz
Erase Done.
Programming Done.
Verify OK.
