<html>
<body>
<pre>
<h1>µVision Build Log</h1>
<h2>Project:</h2>
C:\Users\Alamin_Bird\Documents\UVision\Lee\LAB_9\Lab9_ECE3436_Blank\Lab9.uvproj
Project File Date:  12/02/2017

<h2>Output:</h2>
Rebuild target 'Lab9'
assembling startup.s...
assembling LCD.s...
assembling Print.s...
compiling ADC.c...
compiling ST7735.c...
compiling UART.c...
compiling Lab9.c...
Lab9.c(183): warning:  #1-D: last line of file ends without a newline
  */
Lab9.c: 1 warning, 0 errors
compiling FiFo.c...
linking...
Program Size: Code=5192 RO-data=2292 RW-data=128 ZI-data=1176  
".\Lab9.axf" - 0 Error(s), 1 Warning(s).
Load "C:\\Users\\Alamin_Bird\\Documents\\UVision\\Lee\\LAB_9\\Lab9_ECE3436_Blank\\Lab9.axf" 
Connecting: Mode=JTAG, Speed=1000000Hz
Unable to initialize device!, error code=1
Error: Flash Download failed  -  Target DLL has been cancelled
Load "C:\\Users\\Alamin_Bird\\Documents\\UVision\\Lee\\LAB_9\\Lab9_ECE3436_Blank\\Lab9.axf" 
Connecting: Mode=JTAG, Speed=1000000Hz
Unable to initialize device!, error code=4
Error: Flash Download failed  -  Target DLL has been cancelled
Load "C:\\Users\\Alamin_Bird\\Documents\\UVision\\Lee\\LAB_9\\Lab9_ECE3436_Blank\\Lab9.axf" 
Connecting: Mode=JTAG, Speed=1000000Hz
Unable to initialize device!, error code=4
Error: Flash Download failed  -  Target DLL has been cancelled
Load "C:\\Users\\Alamin_Bird\\Documents\\UVision\\Lee\\LAB_9\\Lab9_ECE3436_Blank\\Lab9.axf" 
Connecting: Mode=JTAG, Speed=1000000Hz
Unable to initialize device!, error code=4
Error: Flash Download failed  -  Target DLL has been cancelled
</pre>
</body>
</html>
