<html>
<body>
<pre>
<h1>µVision Build Log</h1>
<h2>Project:</h2>
C:\Users\Alamin_Bird\Documents\UVision\LAB_9\Lab9_ECE3436_Blank\Lab9.uvproj
Project File Date:  09/07/2017

<h2>Output:</h2>
Rebuild target 'Lab9'
assembling startup.s...
assembling LCD.s...
assembling Print.s...
compiling ADC.c...
compiling ST7735.c...
compiling UART.c...
compiling Lab9.c...
compiling FiFo.c...
linking...
Program Size: Code=3864 RO-data=2292 RW-data=92 ZI-data=1180  
".\Lab9.axf" - 0 Error(s), 0 Warning(s).
</pre>
</body>
</html>
