<html>
<body>
<pre>
<h1>µVision Build Log</h1>
<h2>Project:</h2>
C:\Users\Alamin_Bird\Documents\UVision\Lab8_new\Lab7.uvproj
Project File Date:  07/25/2017

<h2>Output:</h2>
Rebuild target 'Lab7'
assembling startup.s...
compiling PLL.c...
compiling ST7735.c...
assembling LCD.s...
assembling Print.s...
compiling IO.c...
compiling Lab7Main.c...
compiling SysTick.c...
compiling ADC.c...
linking...
Program Size: Code=3244 RO-data=2052 RW-data=52 ZI-data=1028  
".\Lab7.axf" - 0 Error(s), 0 Warning(s).
Load "C:\\Users\\Alamin_Bird\\Documents\\UVision\\Lab8_new\\Lab7.axf" 
Connecting: Mode=JTAG, Speed=1000000Hz
Erase Done.
Programming Done.
Verify OK.
Error: Could not load file 'C:\Users\Alamin_Bird\Documents\UVision\Lab8_new\Lab7.axf'. Debugger aborted !
Error: Could not load file 'C:\Users\Alamin_Bird\Documents\UVision\Lab8_new\Lab7.axf'. Debugger aborted !
Load "C:\\Users\\Alamin_Bird\\Documents\\UVision\\Lab8_new\\Lab7.axf" 
Connecting: Mode=JTAG, Speed=1000000Hz
Erase Done.
Programming Done.
Verify OK.
</pre>
</body>
</html>
