


ARM Macro Assembler    Page 1 


    1 00000000         ;SysTick INIT (refer to Pg174 of the textbook)
    2 00000000         ;this file contains 2 functions, SysTick_INIT and Delay_
                       10us and Delay_1250ns
    3 00000000         ;-------------------------------------------------------
                       --------- Definition -----------------------------------
                       ----------------------------
    4 00000000         ; NVIC REGISTERS
    5 00000000 E000E010 
                       NVIC_ST_CTRL_R
                               EQU              0xE000E010
    6 00000000 E000E014 
                       NVIC_ST_RELOAD_R
                               EQU              0xE000E014
    7 00000000 E000E018 
                       NVIC_ST_CURRENT_R
                               EQU              0xE000E018
    8 00000000 00000320 
                       Time_10us
                               EQU              800
    9 00000000 000186A0 
                       Time_1250ns
                               EQU              100000
   10 00000000         
   11 00000000         ;25ms 100ms
   12 00000000         ;50ms 75ms
   13 00000000         ;75ms 50ms
   14 00000000         ;100ms 25ms
   15 00000000         ;125ms 0ms
   16 00000000         ;0ms 125ms
   17 00000000         ;-------------------------------------------------------
                       ----- End of Definition --------------------------------
                       ---------------------------
   18 00000000         
   19 00000000                 AREA             |.text|, CODE, READONLY, ALIGN 
= 2
   20 00000000                 THUMB
   21 00000000                 EXPORT           SysTick_Init
   22 00000000                 EXPORT           Delay_10us
   23 00000000                 EXPORT           Delay_1250ns
   24 00000000         ;-------------------------------------------------------
                       -------- SysTick_INIT ----------------------------------
                       ---------------------------
   25 00000000         SysTick_Init
   26 00000000         ;Disable SysTick
   27 00000000 4917            LDR              R1, =NVIC_ST_CTRL_R ;R1 = &NVIC
                                                            _ST_CTRL_R
   28 00000002 F04F 0000       MOV              R0, #0      ;Disable SysTick du
                                                            ring setup by clear
                                                             it 
   29 00000006 6008            STR              R0, [R1]    ;Store Value of R0 
                                                            into the address of
                                                             R1
   30 00000008         ;Setting Reload value 
   31 00000008 4916            LDR              R1, =NVIC_ST_RELOAD_R ;R1 = &NV
                                                            IC_ST_RELOAD_R
   32 0000000A 4817            LDR              R0, =0x00FFFFFF 
                                                            ;Max reload value
   33 0000000C 6008            STR              R0, [R1]    ;Store Value of R0 
                                                            into the address of



ARM Macro Assembler    Page 2 


                                                             R1
   34 0000000E         ;Clears counter 
   35 0000000E 4917            LDR              R1, =NVIC_ST_CURRENT_R ;R1 = &N
                                                            VIC_ST_CURRENT_R
   36 00000010 F04F 0000       MOV              R0, #0      ;Any write to curre
                                                            nt clears it
   37 00000014 6008            STR              R0, [R1]    ;Store Value of R0 
                                                            into the address of
                                                             R1
   38 00000016         ;Enable SysTick
   39 00000016 4912            LDR              R1, =NVIC_ST_CTRL_R ;R1 = &NVIC
                                                            _ST_CTRL_R
   40 00000018 F04F 0005       MOV              R0, #0x05   ;Enable SysTick by 
                                                            setting bit 2 and 1
                                                             with core clock
   41 0000001C 6008            STR              R0, [R1]    ;Store Value of R0 
                                                            into the address of
                                                             R1
   42 0000001E         ;End
   43 0000001E 4770            BX               LR          ;Return
   44 00000020         ;-------------------------------------------------------
                       ---- End of SysTick_INIT -------------------------------
                       ---------------------------
   45 00000020         
   46 00000020         ;-------------------------------------------------------
                       ----------- Delay --------------------------------------
                       ---------------------------
   47 00000020         ; Time delay using busy wait. 
   48 00000020         ; Input: R0  delay parameter in units of the core clock 
                       (12.5 nsec) 
   49 00000020         ; Output: none     ; Modifies: R0, R1, R3
   50 00000020         Delay
   51 00000020 4910            LDR              R1, =NVIC_ST_RELOAD_R ;R1 = &NV
                                                            IC_ST_RELOAD_R
   52 00000022 F1A0 0001       SUB              R0, #1      ;Delay - 1
   53 00000026 6008            STR              R0, [R1]    ;Store Value of R0 
                                                            into the address of
                                                             R1
   54 00000028 490D            LDR              R1, =NVIC_ST_CTRL_R ;R1 = &NVIC
                                                            _ST_CTRL_R
   55 0000002A         Delay_LOOP
   56 0000002A 680B            LDR              R3, [R1]    ;R0 = the value of 
                                                            the address pointed
                                                             by R1
   57 0000002C F413 3380       ANDS             R3, R3, #0x00010000 ;Check to s
                                                            ee if bit 4 has bee
                                                            n set
   58 00000030 D0FB            BEQ              Delay_LOOP  ;Loop till bit 4 ha
                                                            s been set (12.5ns 
                                                            * R0)
   59 00000032         ;End
   60 00000032 4770            BX               LR          ;Return
   61 00000034         ;-------------------------------------------------------
                       -------- End of Delay ----------------------------------
                       ---------------------------
   62 00000034         
   63 00000034         ;-------------------------------------------------------
                       ---------- Delay_10us ----------------------------------
                       ----------------------------



ARM Macro Assembler    Page 3 


   64 00000034         ; 10us delay using Delay function 
   65 00000034         ; Input: R0  delay parameter in units of the 10us delay 
                        
   66 00000034         ; Output: none     ; Modifies: R0, R1 
   67 00000034         Delay_10us
   68 00000034 B518            PUSH             {R4, R3, LR} ;Save the register
                                                             R4, R3 and the LR 
                                                            to stack
   69 00000036 0004            MOVS             R4, R0      ;Move R0 into R4
   70 00000038 D005            BEQ              Delay_10us_Done ;If R0 is 0 the
                                                            n go to done
   71 0000003A         Delay_10us_Loop
   72 0000003A F44F 7048       LDR              R0, =Time_10us ;Counter that ma
                                                            kes 10us delay (12.
                                                            5ns * 80000 = 10us)
                                                            
   73 0000003E F7FF FFEF       BL               Delay       ;Branch to Delay fo
                                                            r 10us
   74 00000042 1E64            SUBS             R4, R4, #1  ;R4 = R4 - 1
   75 00000044 D8F9            BHI              Delay_10us_Loop 
                                                            ;Branch if  R4 > 0
   76 00000046         Delay_10us_Done
   77 00000046 BD18            POP              {R4, R3, PC} ;Restore R4, R3 re
                                                            gister and LR from 
                                                            stack into PC
   78 00000048         ;End
   79 00000048 4770            BX               LR          ;Return
   80 0000004A         ;-------------------------------------------------------
                       ------ End of Delay_10us -------------------------------
                       ----------------------------
   81 0000004A         
   82 0000004A         ;-------------------------------------------------------
                       -------- Delay_1250ns ----------------------------------
                       ---------------------------
   83 0000004A         ; 1250ns delay using Delay function 
   84 0000004A         ; Input: R0  delay parameter in units of the 12.5ms dela
                       y  
   85 0000004A         ; Output: none     ; Modifies: R0, R1 
   86 0000004A         Delay_1250ns
   87 0000004A B518            PUSH             {R4, R3, LR} ;Save the register
                                                             R4, R3 and the LR 
                                                            to stack
   88 0000004C 0004            MOVS             R4, R0      ;Move R0 into R4
   89 0000004E D004            BEQ              Delay_1250ns_Done ;If R0 is 0 t
                                                            hen go to done
   90 00000050         Delay_1250ns_Loop
   91 00000050 4807            LDR              R0, =Time_1250ns ;Counter that 
                                                            makes 1250ns delay 
                                                            (12.5ns * 100000 = 
                                                            1250ns)
   92 00000052 F7FF FFE5       BL               Delay       ;Branch to Delay fo
                                                            r 1250ns
   93 00000056 1E64            SUBS             R4, R4, #1  ;R4 = R4 - 1
   94 00000058 D8FA            BHI              Delay_1250ns_Loop 
                                                            ;Branch if  R4 > 0
   95 0000005A         Delay_1250ns_Done
   96 0000005A BD18            POP              {R4, R3, PC} ;Restore R4, R3 re
                                                            gister and LR from 
                                                            stack into PC



ARM Macro Assembler    Page 4 


   97 0000005C         ;End
   98 0000005C 4770            BX               LR          ;Return
   99 0000005E         ;-------------------------------------------------------
                       ----- End of Delay_1250ns ------------------------------
                       ---------------------------
  100 0000005E         
  101 0000005E         
  102 0000005E 00 00           ALIGN
  103 00000060                 END
              E000E010 
              E000E014 
              00FFFFFF 
              E000E018 
              000186A0 
Command Line: --debug --xref --cpu=Cortex-M4.fp --apcs=interwork --depend=.\sys
tick.d -o.\systick.o -IC:\Keil\ARM\RV31\INC -IC:\Keil\ARM\CMSIS\Include -IC:\Ke
il\ARM\Inc\TI\TM4C123 --predefine="__EVAL SETA 1" --list=.\systick.lst SysTick.
s



ARM Macro Assembler    Page 1 Alphabetic symbol ordering
Relocatable symbols

.text 00000000

Symbol: .text
   Definitions
      At line 19 in file SysTick.s
   Uses
      None
Comment: .text unused
Delay 00000020

Symbol: Delay
   Definitions
      At line 50 in file SysTick.s
   Uses
      At line 73 in file SysTick.s
      At line 92 in file SysTick.s

Delay_10us 00000034

Symbol: Delay_10us
   Definitions
      At line 67 in file SysTick.s
   Uses
      At line 22 in file SysTick.s
Comment: Delay_10us used once
Delay_10us_Done 00000046

Symbol: Delay_10us_Done
   Definitions
      At line 76 in file SysTick.s
   Uses
      At line 70 in file SysTick.s
Comment: Delay_10us_Done used once
Delay_10us_Loop 0000003A

Symbol: Delay_10us_Loop
   Definitions
      At line 71 in file SysTick.s
   Uses
      At line 75 in file SysTick.s
Comment: Delay_10us_Loop used once
Delay_1250ns 0000004A

Symbol: Delay_1250ns
   Definitions
      At line 86 in file SysTick.s
   Uses
      At line 23 in file SysTick.s
Comment: Delay_1250ns used once
Delay_1250ns_Done 0000005A

Symbol: Delay_1250ns_Done
   Definitions
      At line 95 in file SysTick.s
   Uses
      At line 89 in file SysTick.s
Comment: Delay_1250ns_Done used once
Delay_1250ns_Loop 00000050




ARM Macro Assembler    Page 2 Alphabetic symbol ordering
Relocatable symbols

Symbol: Delay_1250ns_Loop
   Definitions
      At line 90 in file SysTick.s
   Uses
      At line 94 in file SysTick.s
Comment: Delay_1250ns_Loop used once
Delay_LOOP 0000002A

Symbol: Delay_LOOP
   Definitions
      At line 55 in file SysTick.s
   Uses
      At line 58 in file SysTick.s
Comment: Delay_LOOP used once
SysTick_Init 00000000

Symbol: SysTick_Init
   Definitions
      At line 25 in file SysTick.s
   Uses
      At line 21 in file SysTick.s
Comment: SysTick_Init used once
10 symbols



ARM Macro Assembler    Page 1 Alphabetic symbol ordering
Absolute symbols

NVIC_ST_CTRL_R E000E010

Symbol: NVIC_ST_CTRL_R
   Definitions
      At line 5 in file SysTick.s
   Uses
      At line 27 in file SysTick.s
      At line 39 in file SysTick.s
      At line 54 in file SysTick.s

NVIC_ST_CURRENT_R E000E018

Symbol: NVIC_ST_CURRENT_R
   Definitions
      At line 7 in file SysTick.s
   Uses
      At line 35 in file SysTick.s
Comment: NVIC_ST_CURRENT_R used once
NVIC_ST_RELOAD_R E000E014

Symbol: NVIC_ST_RELOAD_R
   Definitions
      At line 6 in file SysTick.s
   Uses
      At line 31 in file SysTick.s
      At line 51 in file SysTick.s

Time_10us 00000320

Symbol: Time_10us
   Definitions
      At line 8 in file SysTick.s
   Uses
      At line 72 in file SysTick.s
Comment: Time_10us used once
Time_1250ns 000186A0

Symbol: Time_1250ns
   Definitions
      At line 9 in file SysTick.s
   Uses
      At line 91 in file SysTick.s
Comment: Time_1250ns used once
5 symbols
349 symbols in table
