<html>
<body>
<pre>
<h1>µVision Build Log</h1>
<h2>Project:</h2>
C:\Users\Alamin_Bird\Documents\UVision\Lab4\Lab4.uvproj
Project File Date:  06/22/2017

<h2>Output:</h2>
Build target 'Target 1'
assembling main.s...
..\Lab2-3\main.s(31): warning: A1274W: '\' at end of comment
linking...
Program Size: Code=1260 RO-data=0 RW-data=260 ZI-data=1028  
".\Lab4.axf" - 0 Error(s), 1 Warning(s).
Load "C:\\Users\\Alamin_Bird\\Documents\\UVision\\Lab4\\Lab4.axf" 
Connecting: Mode=JTAG, Speed=1000000Hz
Erase Done.
Programming Done.
Verify OK.
assembling main.s...
..\Lab2-3\main.s(31): warning: A1274W: '\' at end of comment
..\Lab2-3\main.s(95): error: A1152E: Unexpected operator
"..\Lab2-3\main.s" - 1 Error(s), 1 Warning(s).
ine
".\Lab4.axf" - 5 Error(s), 2 Warning(s).
Target not created
