<html>
<body>
<pre>
<h1>µVision Build Log</h1>
<h2>Project:</h2>
C:\Users\Alamin_Bird\Documents\UVision\Lab5\Lab5.uvproj
Project File Date:  07/03/2017

<h2>Output:</h2>
Rebuild target 'Target 1'
assembling startup.s...
compiling SysTick.c...
compiling TableTrafficLight.c...
compiling MCU_Clock.c...
linking...
Program Size: Code=1240 RO-data=16 RW-data=0 ZI-data=1120  
".\Lab5.axf" - 0 Error(s), 0 Warning(s).
Load "C:\\Users\\Alamin_Bird\\Documents\\UVision\\Lab5\\Lab5.axf" 
Connecting: Mode=JTAG, Speed=1000000Hz
Erase Done.
Programming Done.
Verify OK.
Load "C:\\Users\\Alamin_Bird\\Documents\\UVision\\Lab5\\Lab5.axf" 
Connecting: Mode=JTAG, Speed=1000000Hz
Erase Done.
Programming Done.
Contents missmatch at: 00000050H  (Flash=00H  Required=83H) !
Contents missmatch at: 00000051H  (Flash=00H  Required=02H) !
Contents missmatch at: 00000054H  (Flash=00H  Required=83H) !
Contents missmatch at: 00000055H  (Flash=00H  Required=02H) !
Contents missmatch at: 00000058H  (Flash=00H  Required=83H) !
Contents missmatch at: 00000059H  (Flash=00H  Required=02H) !
Contents missmatch at: 0000005CH  (Flash=00H  Required=83H) !
Contents missmatch at: 0000005DH  (Flash=00H  Required=02H) !
Contents missmatch at: 00000060H  (Flash=00H  Required=83H) !
Contents missmatch at: 00000061H  (Flash=00H  Required=02H) !
Contents missmatch at: 00000064H  (Flash=00H  Required=83H) !
Contents missmatch at: 00000065H  (Flash=00H  Required=02H) !
Contents missmatch at: 00000068H  (Flash=00H  Required=83H) !
Contents missmatch at: 00000069H  (Flash=00H  Required=02H) !
Contents missmatch at: 0000006CH  (Flash=00H  Required=83H) !
Contents missmatch at: 0000006DH  (Flash=00H  Required=02H) !
Contents missmatch at: 00000070H  (Flash=00H  Required=83H) !
Contents missmatch at: 00000071H  (Flash=00H  Required=02H) !
Contents missmatch at: 00000074H  (Flash=00H  Required=83H) !
Contents missmatch at: 00000075H  (Flash=00H  Required=02H) !
Contents missmatch at: 00000078H  (Flash=00H  Required=83H) !
Contents missmatch at: 00000079H  (Flash=00H  Required=02H) !
Contents missmatch at: 0000007CH  (Flash=00H  Required=83H) !
Contents missmatch at: 0000007DH  (Flash=00H  Required=02H) !
Contents missmatch at: 00000080H  (Flash=00H  Required=83H) !
Contents missmatch at: 00000081H  (Flash=00H  Required=02H) !
Contents missmatch at: 00000084H  (Flash=00H  Required=83H) !
Contents missmatch at: 00000085H  (Flash=00H  Required=02H) !
Contents missmatch at: 00000088H  (Flash=00H  Required=83H) !
Contents missmatch at: 00000089H  (Flash=00H  Required=02H) !
Contents missmatch at: 0000008CH  (Flash=00H  Required=83H) !
Contents missmatch at: 0000008DH  (Flash=00H  Required=02H) !
Contents missmatch at: 00000090H  (Flash=00H  Required=83H) !
Contents missmatch at: 00000091H  (Flash=00H  Required=02H) !
Contents missmatch at: 00000094H  (Flash=00H  Required=83H) !
Contents missmatch at: 00000095H  (Flash=00H  Required=02H) !
Contents missmatch at: 00000098H  (Flash=00H  Required=83H) !
Contents missmatch at: 00000099H  (Flash=00H  Required=02H) !
Contents missmatch at: 0000009CH  (Flash=00H  Required=83H) !
Contents missmatch at: 0000009DH  (Flash=00H  Required=02H) !
Contents missmatch at: 000000A0H  (Flash=00H  Required=83H) !
Contents missmatch at: 000000A1H  (Flash=00H  Required=02H) !
Contents missmatch at: 000000A4H  (Flash=00H  Required=83H) !
Contents missmatch at: 000000A5H  (Flash=00H  Required=02H) !
Contents missmatch at: 000000A8H  (Flash=00H  Required=83H) !
Contents missmatch at: 000000A9H  (Flash=00H  Required=02H) !
Contents missmatch at: 000000ACH  (Flash=00H  Required=83H) !
Contents missmatch at: 000000ADH  (Flash=00H  Required=02H) !
Contents missmatch at: 000000B0H  (Flash=00H  Required=83H) !
Contents missmatch at: 000000B1H  (Flash=00H  Required=02H) !
Contents missmatch at: 000000B4H  (Flash=00H  Required=83H) !
Contents missmatch at: 000000B5H  (Flash=00H  Required=02H) !
Contents missmatch at: 000000B8H  (Flash=00H  Required=83H) !
Contents missmatch at: 000000B9H  (Flash=00H  Required=02H) !
Contents missmatch at: 000000BCH  (Flash=00H  Required=83H) !
Contents missmatch at: 000000BDH  (Flash=00H  Required=02H) !
Contents missmatch at: 000000C0H  (Flash=00H  Required=83H) !
Contents missmatch at: 000000C1H  (Flash=00H  Required=02H) !
Contents missmatch at: 000000C4H  (Flash=00H  Required=83H) !
Contents missmatch at: 000000C5H  (Flash=00H  Required=02H) !
Contents missmatch at: 000000C8H  (Flash=00H  Required=83H) !
Contents missmatch at: 000000C9H  (Flash=00H  Required=02H) !
Contents missmatch at: 000000CCH  (Flash=00H  Required=83H) !
Contents missmatch at: 000000CDH  (Flash=00H  Required=02H) !
Contents missmatch at: 000000D0H  (Flash=00H  Required=83H) !
Contents missmatch at: 000000D1H  (Flash=00H  Required=02H) !
Contents missmatch at: 000000D4H  (Flash=00H  Required=83H) !
Contents missmatch at: 000000D5H  (Flash=00H  Required=02H) !
Contents missmatch at: 000000D8H  (Flash=00H  Required=83H) !
Contents missmatch at: 000000D9H  (Flash=00H  Required=02H) !
Contents missmatch at: 000000DCH  (Flash=00H  Required=83H) !
Contents missmatch at: 000000DDH  (Flash=00H  Required=02H) !
Contents missmatch at: 000000E0H  (Flash=00H  Required=83H) !
Contents missmatch at: 000000E1H  (Flash=00H  Required=02H) !
Contents missmatch at: 000000E4H  (Flash=00H  Required=83H) !
Contents missmatch at: 000000E5H  (Flash=00H  Required=02H) !
Contents missmatch at: 000000E8H  (Flash=00H  Required=83H) !
Contents missmatch at: 000000E9H  (Flash=00H  Required=02H) !
Contents missmatch at: 000000ECH  (Flash=00H  Required=83H) !
Contents missmatch at: 000000EDH  (Flash=00H  Required=02H) !
Contents missmatch at: 000000F0H  (Flash=00H  Required=83H) !
Contents missmatch at: 000000F1H  (Flash=00H  Required=02H) !
Contents missmatch at: 000000F4H  (Flash=00H  Required=83H) !
Contents missmatch at: 000000F5H  (Flash=00H  Required=02H) !
Contents missmatch at: 000000F8H  (Flash=00H  Required=83H) !
Contents missmatch at: 000000F9H  (Flash=00H  Required=02H) !
Contents missmatch at: 000000FCH  (Flash=00H  Required=83H) !
Contents missmatch at: 000000FDH  (Flash=00H  Required=02H) !
Contents missmatch at: 00000100H  (Flash=00H  Required=83H) !
Contents missmatch at: 00000101H  (Flash=00H  Required=02H) !
Contents missmatch at: 00000104H  (Flash=00H  Required=83H) !
Contents missmatch at: 00000105H  (Flash=00H  Required=02H) !
Contents missmatch at: 00000108H  (Flash=00H  Required=83H) !
Contents missmatch at: 00000109H  (Flash=00H  Required=02H) !
Contents missmatch at: 0000010CH  (Flash=00H  Required=83H) !
Contents missmatch at: 0000010DH  (Flash=00H  Required=02H) !
Contents missmatch at: 00000110H  (Flash=00H  Required=83H) !
Contents missmatch at: 00000111H  (Flash=00H  Required=02H) !
Contents missmatch at: 00000114H  (Flash=00H  Required=83H) !
Contents missmatch at: 00000115H  (Flash=00H  Required=02H) !
Too many errors to display !
Error: Flash Download failed  -  "Cortex-M4"
