<html>
<body>
<pre>
<h1>µVision Build Log</h1>
<h2>Project:</h2>
C:\Users\Alamin_Bird\Documents\UVision\Lab6\lab6.uvproj
Project File Date:  07/11/2017

<h2>Output:</h2>
Rebuild target 'Target 1'
compiling dac.c...
compiling Lab6.c...
compiling piano.c...
compiling Sound.c...
assembling startup.s...
compiling MCU_Clock.c...
compiling SysTick.c...
linking...
Program Size: Code=1512 RO-data=64 RW-data=4 ZI-data=1124  
".\lab6.axf" - 0 Error(s), 0 Warning(s).
Load "C:\\Users\\Alamin_Bird\\Documents\\UVision\\Lab6\\lab6.axf" 
Internal DLL Error
Error: Flash Download failed  -  Target DLL has been cancelled
Load "C:\\Users\\Alamin_Bird\\Documents\\UVision\\Lab6\\lab6.axf" 
Internal DLL Error
Error: Flash Download failed  -  Target DLL has been cancelled
Load "C:\\Users\\Alamin_Bird\\Documents\\UVision\\Lab6\\lab6.axf" 
